[2026-06-01 22:42] === Blacktech Data Cleaner started ===
[2026-06-01 22:42] Jobs: no blank entries found. 5 jobs clean.
[2026-06-01 22:42] invoices.json not found — skipping
[2026-06-01 22:42] ✅ Everything is clean — nothing removed.
[2026-06-01 22:42] === Done ===
[2026-06-02 02:44] === Blacktech Data Cleaner started ===
[2026-06-02 02:44] Jobs: no blank entries found. 5 jobs clean.
[2026-06-02 02:44] invoices.json not found — skipping
[2026-06-02 02:44] ✅ Everything is clean — nothing removed.
[2026-06-02 02:44] === Done ===
[2026-06-02 06:45] === Blacktech Data Cleaner started ===
[2026-06-02 06:45] Jobs: no blank entries found. 5 jobs clean.
[2026-06-02 06:45] invoices.json not found — skipping
[2026-06-02 06:45] ✅ Everything is clean — nothing removed.
[2026-06-02 06:45] === Done ===
[2026-06-02 10:46] === Blacktech Data Cleaner started ===
[2026-06-02 10:46] Jobs: no blank entries found. 6 jobs clean.
[2026-06-02 10:46] Invoices: no blank entries found. 0 invoices clean.
[2026-06-02 10:46] ✅ Everything is clean — nothing removed.
[2026-06-02 10:46] === Done ===
[2026-06-02 14:46] === Blacktech Data Cleaner started ===
[2026-06-02 14:46] Jobs: no blank entries found. 6 jobs clean.
[2026-06-02 14:46] Invoices: no blank entries found. 1 invoices clean.
[2026-06-02 14:46] ✅ Everything is clean — nothing removed.
[2026-06-02 14:46] === Done ===
[2026-06-02 18:46] === Blacktech Data Cleaner started ===
[2026-06-02 18:46] Jobs: no blank entries found. 6 jobs clean.
[2026-06-02 18:46] Invoices: no blank entries found. 1 invoices clean.
[2026-06-02 18:46] ✅ Everything is clean — nothing removed.
[2026-06-02 18:46] === Done ===
[2026-06-02 22:47] === Blacktech Data Cleaner started ===
[2026-06-02 22:47] Jobs: no blank entries found. 8 jobs clean.
[2026-06-02 22:47] Invoices: no blank entries found. 6 invoices clean.
[2026-06-02 22:47] ✅ Everything is clean — nothing removed.
[2026-06-02 22:47] === Done ===
[2026-06-03 02:48] === Blacktech Data Cleaner started ===
[2026-06-03 02:48] Jobs: no blank entries found. 8 jobs clean.
[2026-06-03 02:48] Invoices: no blank entries found. 6 invoices clean.
[2026-06-03 02:48] ✅ Everything is clean — nothing removed.
[2026-06-03 02:48] === Done ===
[2026-06-03 06:48] === Blacktech Data Cleaner started ===
[2026-06-03 06:48] Jobs: no blank entries found. 9 jobs clean.
[2026-06-03 06:48] Invoices: no blank entries found. 6 invoices clean.
[2026-06-03 06:48] ✅ Everything is clean — nothing removed.
[2026-06-03 06:48] === Done ===
[2026-06-03 10:48] === Blacktech Data Cleaner started ===
[2026-06-03 10:48] Jobs: no blank entries found. 9 jobs clean.
[2026-06-03 10:48] Invoices: no blank entries found. 6 invoices clean.
[2026-06-03 10:48] ✅ Everything is clean — nothing removed.
[2026-06-03 10:48] === Done ===
[2026-06-03 14:49] === Blacktech Data Cleaner started ===
[2026-06-03 14:49] Jobs: no blank entries found. 9 jobs clean.
[2026-06-03 14:49] Invoices: no blank entries found. 6 invoices clean.
[2026-06-03 14:49] ✅ Everything is clean — nothing removed.
[2026-06-03 14:49] === Done ===
[2026-06-03 18:50] === Blacktech Data Cleaner started ===
[2026-06-03 18:50] Jobs: no blank entries found. 10 jobs clean.
[2026-06-03 18:50] Invoices: no blank entries found. 6 invoices clean.
[2026-06-03 18:50] ✅ Everything is clean — nothing removed.
[2026-06-03 18:50] === Done ===
[2026-06-03 22:50] === Blacktech Data Cleaner started ===
[2026-06-03 22:50] Jobs: no blank entries found. 10 jobs clean.
[2026-06-03 22:50] Invoices: no blank entries found. 6 invoices clean.
[2026-06-03 22:50] ✅ Everything is clean — nothing removed.
[2026-06-03 22:50] === Done ===
[2026-06-04 02:50] === Blacktech Data Cleaner started ===
[2026-06-04 02:50] Jobs: no blank entries found. 10 jobs clean.
[2026-06-04 02:50] Invoices: no blank entries found. 6 invoices clean.
[2026-06-04 02:50] ✅ Everything is clean — nothing removed.
[2026-06-04 02:50] === Done ===
[2026-06-04 06:50] === Blacktech Data Cleaner started ===
[2026-06-04 06:50] Jobs: no blank entries found. 10 jobs clean.
[2026-06-04 06:50] Invoices: no blank entries found. 6 invoices clean.
[2026-06-04 06:50] ✅ Everything is clean — nothing removed.
[2026-06-04 06:50] === Done ===
[2026-06-04 10:51] === Blacktech Data Cleaner started ===
[2026-06-04 10:51] Jobs: no blank entries found. 10 jobs clean.
[2026-06-04 10:51] Invoices: no blank entries found. 6 invoices clean.
[2026-06-04 10:51] ✅ Everything is clean — nothing removed.
[2026-06-04 10:51] === Done ===
[2026-06-04 14:51] === Blacktech Data Cleaner started ===
[2026-06-04 14:51] Jobs: no blank entries found. 9 jobs clean.
[2026-06-04 14:51] Invoices: no blank entries found. 5 invoices clean.
[2026-06-04 14:51] ✅ Everything is clean — nothing removed.
[2026-06-04 14:51] === Done ===
[2026-06-04 18:52] === Blacktech Data Cleaner started ===
[2026-06-04 18:52] Jobs: no blank entries found. 9 jobs clean.
[2026-06-04 18:52] Invoices: no blank entries found. 5 invoices clean.
[2026-06-04 18:52] ✅ Everything is clean — nothing removed.
[2026-06-04 18:52] === Done ===
[2026-06-04 22:52] === Blacktech Data Cleaner started ===
[2026-06-04 22:52] Jobs: no blank entries found. 9 jobs clean.
[2026-06-04 22:52] Invoices: no blank entries found. 5 invoices clean.
[2026-06-04 22:52] ✅ Everything is clean — nothing removed.
[2026-06-04 22:52] === Done ===
[2026-06-05 02:53] === Blacktech Data Cleaner started ===
[2026-06-05 02:53] Jobs: no blank entries found. 9 jobs clean.
[2026-06-05 02:53] Invoices: no blank entries found. 5 invoices clean.
[2026-06-05 02:53] ✅ Everything is clean — nothing removed.
[2026-06-05 02:53] === Done ===
[2026-06-05 06:53] === Blacktech Data Cleaner started ===
[2026-06-05 06:53] Jobs: no blank entries found. 9 jobs clean.
[2026-06-05 06:53] Invoices: no blank entries found. 5 invoices clean.
[2026-06-05 06:53] ✅ Everything is clean — nothing removed.
[2026-06-05 06:53] === Done ===
[2026-06-05 10:54] === Blacktech Data Cleaner started ===
[2026-06-05 10:54] Jobs: no blank entries found. 9 jobs clean.
[2026-06-05 10:54] Invoices: no blank entries found. 5 invoices clean.
[2026-06-05 10:54] ✅ Everything is clean — nothing removed.
[2026-06-05 10:54] === Done ===
[2026-06-05 14:54] === Blacktech Data Cleaner started ===
[2026-06-05 14:54] Jobs: no blank entries found. 9 jobs clean.
[2026-06-05 14:54] Invoices: no blank entries found. 5 invoices clean.
[2026-06-05 14:54] ✅ Everything is clean — nothing removed.
[2026-06-05 14:54] === Done ===
[2026-06-05 18:55] === Blacktech Data Cleaner started ===
[2026-06-05 18:55] Jobs: no blank entries found. 9 jobs clean.
[2026-06-05 18:55] Invoices: no blank entries found. 5 invoices clean.
[2026-06-05 18:55] ✅ Everything is clean — nothing removed.
[2026-06-05 18:55] === Done ===
[2026-06-05 22:55] === Blacktech Data Cleaner started ===
[2026-06-05 22:55] Jobs: no blank entries found. 10 jobs clean.
[2026-06-05 22:55] Invoices: no blank entries found. 6 invoices clean.
[2026-06-05 22:55] ✅ Everything is clean — nothing removed.
[2026-06-05 22:55] === Done ===
[2026-06-06 02:56] === Blacktech Data Cleaner started ===
[2026-06-06 02:56] Jobs: no blank entries found. 10 jobs clean.
[2026-06-06 02:56] Invoices: no blank entries found. 6 invoices clean.
[2026-06-06 02:56] ✅ Everything is clean — nothing removed.
[2026-06-06 02:56] === Done ===
[2026-06-06 06:57] === Blacktech Data Cleaner started ===
[2026-06-06 06:57] Jobs: no blank entries found. 10 jobs clean.
[2026-06-06 06:57] Invoices: no blank entries found. 6 invoices clean.
[2026-06-06 06:57] ✅ Everything is clean — nothing removed.
[2026-06-06 06:57] === Done ===
[2026-06-06 10:57] === Blacktech Data Cleaner started ===
[2026-06-06 10:57] Jobs: no blank entries found. 10 jobs clean.
[2026-06-06 10:57] Invoices: no blank entries found. 6 invoices clean.
[2026-06-06 10:57] ✅ Everything is clean — nothing removed.
[2026-06-06 10:57] === Done ===
[2026-06-06 14:58] === Blacktech Data Cleaner started ===
[2026-06-06 14:58] Jobs: no blank entries found. 10 jobs clean.
[2026-06-06 14:58] Invoices: no blank entries found. 6 invoices clean.
[2026-06-06 14:58] ✅ Everything is clean — nothing removed.
[2026-06-06 14:58] === Done ===
[2026-06-06 18:59] === Blacktech Data Cleaner started ===
[2026-06-06 18:59] Jobs: no blank entries found. 10 jobs clean.
[2026-06-06 18:59] Invoices: no blank entries found. 6 invoices clean.
[2026-06-06 18:59] ✅ Everything is clean — nothing removed.
[2026-06-06 18:59] === Done ===
[2026-06-06 22:59] === Blacktech Data Cleaner started ===
[2026-06-06 22:59] Jobs: no blank entries found. 10 jobs clean.
[2026-06-06 22:59] Invoices: no blank entries found. 6 invoices clean.
[2026-06-06 22:59] ✅ Everything is clean — nothing removed.
[2026-06-06 22:59] === Done ===
