[2026-06-06 14:30:49] ══════════════════════════════════════════════════
[2026-06-06 14:30:49] 🛡️  BLACKTECH WATCHDOG STARTED
[2026-06-06 14:30:49] ══════════════════════════════════════════════════
[2026-06-06 14:30:49] ──────────────────────────────────────────────────
[2026-06-06 14:30:49] SUMMARY: 10 up, 0 restarted, 0 failed
[2026-06-06 14:30:49] ══════════════════════════════════════════════════
[2026-06-06 14:31:48] ══════════════════════════════════════════════════
[2026-06-06 14:31:48] 🛡️  BLACKTECH WATCHDOG STARTED
[2026-06-06 14:31:48] ══════════════════════════════════════════════════
[2026-06-06 14:31:48] ⚠️  Finance / Reports (port 8093) is DOWN — restarting...
[2026-06-06 14:31:52] ✅ Finance / Reports restarted successfully
[2026-06-06 14:31:52] ──────────────────────────────────────────────────
[2026-06-06 14:31:52] SUMMARY: 9 up, 1 restarted, 0 failed
[2026-06-06 14:31:52] 📨 Telegram alert sent
[2026-06-06 14:31:52] ══════════════════════════════════════════════════
[2026-06-06 14:35:01] ══════════════════════════════════════════════════
[2026-06-06 14:35:01] 🛡️  BLACKTECH WATCHDOG STARTED
[2026-06-06 14:35:01] ══════════════════════════════════════════════════
[2026-06-06 14:35:01] ──────────────────────────────────────────────────
[2026-06-06 14:35:01] SUMMARY: 10 up, 0 restarted, 0 failed
[2026-06-06 14:35:01] ══════════════════════════════════════════════════
[2026-06-06 14:40:01] ══════════════════════════════════════════════════
[2026-06-06 14:40:01] 🛡️  BLACKTECH WATCHDOG STARTED
[2026-06-06 14:40:01] ══════════════════════════════════════════════════
[2026-06-06 14:40:01] ⚠️  BFN / Blue Wednesday (port 8094) is DOWN — restarting...
[2026-06-06 14:40:05] ✅ BFN / Blue Wednesday restarted successfully
[2026-06-06 14:40:05] ──────────────────────────────────────────────────
[2026-06-06 14:40:05] SUMMARY: 9 up, 1 restarted, 0 failed
[2026-06-06 14:40:05] 📨 Telegram alert sent
[2026-06-06 14:40:05] ══════════════════════════════════════════════════
[2026-06-06 14:45:01] ══════════════════════════════════════════════════
[2026-06-06 14:45:01] 🛡️  BLACKTECH WATCHDOG STARTED
[2026-06-06 14:45:01] ══════════════════════════════════════════════════
[2026-06-06 14:45:01] ──────────────────────────────────────────────────
[2026-06-06 14:45:01] SUMMARY: 10 up, 0 restarted, 0 failed
[2026-06-06 14:45:01] ══════════════════════════════════════════════════
[2026-06-06 14:50:01] ══════════════════════════════════════════════════
[2026-06-06 14:50:01] 🛡️  BLACKTECH WATCHDOG STARTED
[2026-06-06 14:50:01] ══════════════════════════════════════════════════
[2026-06-06 14:50:01] ──────────────────────────────────────────────────
[2026-06-06 14:50:01] SUMMARY: 10 up, 0 restarted, 0 failed
[2026-06-06 14:50:01] ══════════════════════════════════════════════════
[2026-06-06 14:55:01] ══════════════════════════════════════════════════
[2026-06-06 14:55:01] 🛡️  BLACKTECH WATCHDOG STARTED
[2026-06-06 14:55:01] ══════════════════════════════════════════════════
[2026-06-06 14:55:01] ──────────────────────────────────────────────────
[2026-06-06 14:55:01] SUMMARY: 10 up, 0 restarted, 0 failed
[2026-06-06 14:55:01] ══════════════════════════════════════════════════
[2026-06-06 15:00:01] ══════════════════════════════════════════════════
[2026-06-06 15:00:01] 🛡️  BLACKTECH WATCHDOG STARTED
[2026-06-06 15:00:01] ══════════════════════════════════════════════════
[2026-06-06 15:00:01] ──────────────────────────────────────────────────
[2026-06-06 15:00:01] SUMMARY: 10 up, 0 restarted, 0 failed
[2026-06-06 15:00:01] ══════════════════════════════════════════════════
[2026-06-06 15:05:01] ══════════════════════════════════════════════════
[2026-06-06 15:05:01] 🛡️  BLACKTECH WATCHDOG STARTED
[2026-06-06 15:05:01] ══════════════════════════════════════════════════
[2026-06-06 15:05:01] ──────────────────────────────────────────────────
[2026-06-06 15:05:01] SUMMARY: 10 up, 0 restarted, 0 failed
[2026-06-06 15:05:01] ══════════════════════════════════════════════════
[2026-06-06 15:10:01] ══════════════════════════════════════════════════
[2026-06-06 15:10:01] 🛡️  BLACKTECH WATCHDOG STARTED
[2026-06-06 15:10:01] ══════════════════════════════════════════════════
[2026-06-06 15:10:01] ──────────────────────────────────────────────────
[2026-06-06 15:10:01] SUMMARY: 10 up, 0 restarted, 0 failed
[2026-06-06 15:10:01] ══════════════════════════════════════════════════
[2026-06-06 15:15:01] ══════════════════════════════════════════════════
[2026-06-06 15:15:01] 🛡️  BLACKTECH WATCHDOG STARTED
[2026-06-06 15:15:01] ══════════════════════════════════════════════════
[2026-06-06 15:15:01] ──────────────────────────────────────────────────
[2026-06-06 15:15:01] SUMMARY: 10 up, 0 restarted, 0 failed
[2026-06-06 15:15:01] ══════════════════════════════════════════════════
[2026-06-06 15:20:01] ══════════════════════════════════════════════════
[2026-06-06 15:20:01] 🛡️  BLACKTECH WATCHDOG STARTED
[2026-06-06 15:20:01] ══════════════════════════════════════════════════
[2026-06-06 15:20:01] ──────────────────────────────────────────────────
[2026-06-06 15:20:01] SUMMARY: 10 up, 0 restarted, 0 failed
[2026-06-06 15:20:01] ══════════════════════════════════════════════════
[2026-06-06 15:25:02] ══════════════════════════════════════════════════
[2026-06-06 15:25:02] 🛡️  BLACKTECH WATCHDOG STARTED
[2026-06-06 15:25:02] ══════════════════════════════════════════════════
[2026-06-06 15:25:02] ──────────────────────────────────────────────────
[2026-06-06 15:25:02] SUMMARY: 10 up, 0 restarted, 0 failed
[2026-06-06 15:25:02] ══════════════════════════════════════════════════
[2026-06-06 15:30:01] ══════════════════════════════════════════════════
[2026-06-06 15:30:01] 🛡️  BLACKTECH WATCHDOG STARTED
[2026-06-06 15:30:01] ══════════════════════════════════════════════════
[2026-06-06 15:30:01] ──────────────────────────────────────────────────
[2026-06-06 15:30:01] SUMMARY: 10 up, 0 restarted, 0 failed
[2026-06-06 15:30:01] ══════════════════════════════════════════════════
[2026-06-06 15:35:01] ══════════════════════════════════════════════════
[2026-06-06 15:35:01] 🛡️  BLACKTECH WATCHDOG STARTED
[2026-06-06 15:35:01] ══════════════════════════════════════════════════
[2026-06-06 15:35:01] ──────────────────────────────────────────────────
[2026-06-06 15:35:01] SUMMARY: 10 up, 0 restarted, 0 failed
[2026-06-06 15:35:01] ══════════════════════════════════════════════════
[2026-06-06 15:40:01] ══════════════════════════════════════════════════
[2026-06-06 15:40:01] 🛡️  BLACKTECH WATCHDOG STARTED
[2026-06-06 15:40:01] ══════════════════════════════════════════════════
[2026-06-06 15:40:01] ──────────────────────────────────────────────────
[2026-06-06 15:40:01] SUMMARY: 10 up, 0 restarted, 0 failed
[2026-06-06 15:40:01] ══════════════════════════════════════════════════
[2026-06-06 15:45:01] ══════════════════════════════════════════════════
[2026-06-06 15:45:01] 🛡️  BLACKTECH WATCHDOG STARTED
[2026-06-06 15:45:01] ══════════════════════════════════════════════════
[2026-06-06 15:45:01] ──────────────────────────────────────────────────
[2026-06-06 15:45:01] SUMMARY: 10 up, 0 restarted, 0 failed
[2026-06-06 15:45:01] ══════════════════════════════════════════════════
[2026-06-06 15:50:01] ══════════════════════════════════════════════════
[2026-06-06 15:50:01] 🛡️  BLACKTECH WATCHDOG STARTED
[2026-06-06 15:50:01] ══════════════════════════════════════════════════
[2026-06-06 15:50:01] ──────────────────────────────────────────────────
[2026-06-06 15:50:01] SUMMARY: 10 up, 0 restarted, 0 failed
[2026-06-06 15:50:01] ══════════════════════════════════════════════════
[2026-06-06 15:55:01] ══════════════════════════════════════════════════
[2026-06-06 15:55:01] 🛡️  BLACKTECH WATCHDOG STARTED
[2026-06-06 15:55:01] ══════════════════════════════════════════════════
[2026-06-06 15:55:01] ──────────────────────────────────────────────────
[2026-06-06 15:55:01] SUMMARY: 10 up, 0 restarted, 0 failed
[2026-06-06 15:55:01] ══════════════════════════════════════════════════
[2026-06-06 16:00:01] ══════════════════════════════════════════════════
[2026-06-06 16:00:01] 🛡️  BLACKTECH WATCHDOG STARTED
[2026-06-06 16:00:01] ══════════════════════════════════════════════════
[2026-06-06 16:00:01] ──────────────────────────────────────────────────
[2026-06-06 16:00:01] SUMMARY: 10 up, 0 restarted, 0 failed
[2026-06-06 16:00:01] ══════════════════════════════════════════════════
[2026-06-06 16:05:01] ══════════════════════════════════════════════════
[2026-06-06 16:05:01] 🛡️  BLACKTECH WATCHDOG STARTED
[2026-06-06 16:05:01] ══════════════════════════════════════════════════
[2026-06-06 16:05:01] ──────────────────────────────────────────────────
[2026-06-06 16:05:01] SUMMARY: 10 up, 0 restarted, 0 failed
[2026-06-06 16:05:01] ══════════════════════════════════════════════════
[2026-06-06 16:10:01] ══════════════════════════════════════════════════
[2026-06-06 16:10:01] 🛡️  BLACKTECH WATCHDOG STARTED
[2026-06-06 16:10:01] ══════════════════════════════════════════════════
[2026-06-06 16:10:01] ──────────────────────────────────────────────────
[2026-06-06 16:10:01] SUMMARY: 10 up, 0 restarted, 0 failed
[2026-06-06 16:10:01] ══════════════════════════════════════════════════
[2026-06-06 16:15:01] ══════════════════════════════════════════════════
[2026-06-06 16:15:01] 🛡️  BLACKTECH WATCHDOG STARTED
[2026-06-06 16:15:01] ══════════════════════════════════════════════════
[2026-06-06 16:15:01] ──────────────────────────────────────────────────
[2026-06-06 16:15:01] SUMMARY: 10 up, 0 restarted, 0 failed
[2026-06-06 16:15:01] ══════════════════════════════════════════════════
[2026-06-06 16:20:01] ══════════════════════════════════════════════════
[2026-06-06 16:20:01] 🛡️  BLACKTECH WATCHDOG STARTED
[2026-06-06 16:20:01] ══════════════════════════════════════════════════
[2026-06-06 16:20:01] ──────────────────────────────────────────────────
[2026-06-06 16:20:01] SUMMARY: 10 up, 0 restarted, 0 failed
[2026-06-06 16:20:01] ══════════════════════════════════════════════════
[2026-06-06 16:25:01] ══════════════════════════════════════════════════
[2026-06-06 16:25:01] 🛡️  BLACKTECH WATCHDOG STARTED
[2026-06-06 16:25:01] ══════════════════════════════════════════════════
[2026-06-06 16:25:01] ──────────────────────────────────────────────────
[2026-06-06 16:25:01] SUMMARY: 10 up, 0 restarted, 0 failed
[2026-06-06 16:25:01] ══════════════════════════════════════════════════
[2026-06-06 16:30:01] ══════════════════════════════════════════════════
[2026-06-06 16:30:01] 🛡️  BLACKTECH WATCHDOG STARTED
[2026-06-06 16:30:01] ══════════════════════════════════════════════════
[2026-06-06 16:30:01] ──────────────────────────────────────────────────
[2026-06-06 16:30:01] SUMMARY: 10 up, 0 restarted, 0 failed
[2026-06-06 16:30:01] ══════════════════════════════════════════════════
[2026-06-06 16:35:01] ══════════════════════════════════════════════════
[2026-06-06 16:35:01] 🛡️  BLACKTECH WATCHDOG STARTED
[2026-06-06 16:35:01] ══════════════════════════════════════════════════
[2026-06-06 16:35:01] ──────────────────────────────────────────────────
[2026-06-06 16:35:01] SUMMARY: 10 up, 0 restarted, 0 failed
[2026-06-06 16:35:01] ══════════════════════════════════════════════════
[2026-06-06 16:40:01] ══════════════════════════════════════════════════
[2026-06-06 16:40:01] 🛡️  BLACKTECH WATCHDOG STARTED
[2026-06-06 16:40:01] ══════════════════════════════════════════════════
[2026-06-06 16:40:01] ──────────────────────────────────────────────────
[2026-06-06 16:40:01] SUMMARY: 10 up, 0 restarted, 0 failed
[2026-06-06 16:40:01] ══════════════════════════════════════════════════
[2026-06-06 16:45:01] ══════════════════════════════════════════════════
[2026-06-06 16:45:01] 🛡️  BLACKTECH WATCHDOG STARTED
[2026-06-06 16:45:01] ══════════════════════════════════════════════════
[2026-06-06 16:45:01] ──────────────────────────────────────────────────
[2026-06-06 16:45:01] SUMMARY: 10 up, 0 restarted, 0 failed
[2026-06-06 16:45:01] ══════════════════════════════════════════════════
[2026-06-06 16:50:01] ══════════════════════════════════════════════════
[2026-06-06 16:50:01] 🛡️  BLACKTECH WATCHDOG STARTED
[2026-06-06 16:50:01] ══════════════════════════════════════════════════
[2026-06-06 16:50:01] ──────────────────────────────────────────────────
[2026-06-06 16:50:01] SUMMARY: 10 up, 0 restarted, 0 failed
[2026-06-06 16:50:01] ══════════════════════════════════════════════════
[2026-06-06 16:55:01] ══════════════════════════════════════════════════
[2026-06-06 16:55:01] 🛡️  BLACKTECH WATCHDOG STARTED
[2026-06-06 16:55:01] ══════════════════════════════════════════════════
[2026-06-06 16:55:01] ──────────────────────────────────────────────────
[2026-06-06 16:55:01] SUMMARY: 10 up, 0 restarted, 0 failed
[2026-06-06 16:55:01] ══════════════════════════════════════════════════
[2026-06-06 17:00:01] ══════════════════════════════════════════════════
[2026-06-06 17:00:01] 🛡️  BLACKTECH WATCHDOG STARTED
[2026-06-06 17:00:01] ══════════════════════════════════════════════════
[2026-06-06 17:00:01] ──────────────────────────────────────────────────
[2026-06-06 17:00:01] SUMMARY: 10 up, 0 restarted, 0 failed
[2026-06-06 17:00:01] ══════════════════════════════════════════════════
[2026-06-06 17:05:01] ══════════════════════════════════════════════════
[2026-06-06 17:05:01] 🛡️  BLACKTECH WATCHDOG STARTED
[2026-06-06 17:05:01] ══════════════════════════════════════════════════
[2026-06-06 17:05:01] ──────────────────────────────────────────────────
[2026-06-06 17:05:01] SUMMARY: 10 up, 0 restarted, 0 failed
[2026-06-06 17:05:01] ══════════════════════════════════════════════════
[2026-06-06 17:10:01] ══════════════════════════════════════════════════
[2026-06-06 17:10:01] 🛡️  BLACKTECH WATCHDOG STARTED
[2026-06-06 17:10:01] ══════════════════════════════════════════════════
[2026-06-06 17:10:01] ──────────────────────────────────────────────────
[2026-06-06 17:10:01] SUMMARY: 10 up, 0 restarted, 0 failed
[2026-06-06 17:10:01] ══════════════════════════════════════════════════
[2026-06-06 17:15:01] ══════════════════════════════════════════════════
[2026-06-06 17:15:01] 🛡️  BLACKTECH WATCHDOG STARTED
[2026-06-06 17:15:01] ══════════════════════════════════════════════════
[2026-06-06 17:15:01] ──────────────────────────────────────────────────
[2026-06-06 17:15:01] SUMMARY: 10 up, 0 restarted, 0 failed
[2026-06-06 17:15:01] ══════════════════════════════════════════════════
[2026-06-06 17:20:01] ══════════════════════════════════════════════════
[2026-06-06 17:20:01] 🛡️  BLACKTECH WATCHDOG STARTED
[2026-06-06 17:20:01] ══════════════════════════════════════════════════
[2026-06-06 17:20:01] ──────────────────────────────────────────────────
[2026-06-06 17:20:01] SUMMARY: 10 up, 0 restarted, 0 failed
[2026-06-06 17:20:01] ══════════════════════════════════════════════════
[2026-06-06 17:25:01] ══════════════════════════════════════════════════
[2026-06-06 17:25:01] 🛡️  BLACKTECH WATCHDOG STARTED
[2026-06-06 17:25:01] ══════════════════════════════════════════════════
[2026-06-06 17:25:01] ──────────────────────────────────────────────────
[2026-06-06 17:25:01] SUMMARY: 10 up, 0 restarted, 0 failed
[2026-06-06 17:25:01] ══════════════════════════════════════════════════
[2026-06-06 17:30:01] ══════════════════════════════════════════════════
[2026-06-06 17:30:01] 🛡️  BLACKTECH WATCHDOG STARTED
[2026-06-06 17:30:01] ══════════════════════════════════════════════════
[2026-06-06 17:30:01] ──────────────────────────────────────────────────
[2026-06-06 17:30:01] SUMMARY: 10 up, 0 restarted, 0 failed
[2026-06-06 17:30:01] ══════════════════════════════════════════════════
[2026-06-06 17:35:02] ══════════════════════════════════════════════════
[2026-06-06 17:35:02] 🛡️  BLACKTECH WATCHDOG STARTED
[2026-06-06 17:35:02] ══════════════════════════════════════════════════
[2026-06-06 17:35:02] ──────────────────────────────────────────────────
[2026-06-06 17:35:02] SUMMARY: 10 up, 0 restarted, 0 failed
[2026-06-06 17:35:02] ══════════════════════════════════════════════════
[2026-06-06 17:40:01] ══════════════════════════════════════════════════
[2026-06-06 17:40:01] 🛡️  BLACKTECH WATCHDOG STARTED
[2026-06-06 17:40:01] ══════════════════════════════════════════════════
[2026-06-06 17:40:01] ──────────────────────────────────────────────────
[2026-06-06 17:40:01] SUMMARY: 10 up, 0 restarted, 0 failed
[2026-06-06 17:40:01] ══════════════════════════════════════════════════
[2026-06-06 17:45:01] ══════════════════════════════════════════════════
[2026-06-06 17:45:01] 🛡️  BLACKTECH WATCHDOG STARTED
[2026-06-06 17:45:01] ══════════════════════════════════════════════════
[2026-06-06 17:45:01] ──────────────────────────────────────────────────
[2026-06-06 17:45:01] SUMMARY: 10 up, 0 restarted, 0 failed
[2026-06-06 17:45:01] ══════════════════════════════════════════════════
[2026-06-06 17:50:01] ══════════════════════════════════════════════════
[2026-06-06 17:50:01] 🛡️  BLACKTECH WATCHDOG STARTED
[2026-06-06 17:50:01] ══════════════════════════════════════════════════
[2026-06-06 17:50:01] ──────────────────────────────────────────────────
[2026-06-06 17:50:01] SUMMARY: 10 up, 0 restarted, 0 failed
[2026-06-06 17:50:01] ══════════════════════════════════════════════════
[2026-06-06 17:55:01] ══════════════════════════════════════════════════
[2026-06-06 17:55:01] 🛡️  BLACKTECH WATCHDOG STARTED
[2026-06-06 17:55:01] ══════════════════════════════════════════════════
[2026-06-06 17:55:01] ──────────────────────────────────────────────────
[2026-06-06 17:55:01] SUMMARY: 10 up, 0 restarted, 0 failed
[2026-06-06 17:55:01] ══════════════════════════════════════════════════
[2026-06-06 18:00:01] ══════════════════════════════════════════════════
[2026-06-06 18:00:01] 🛡️  BLACKTECH WATCHDOG STARTED
[2026-06-06 18:00:01] ══════════════════════════════════════════════════
[2026-06-06 18:00:01] ──────────────────────────────────────────────────
[2026-06-06 18:00:01] SUMMARY: 10 up, 0 restarted, 0 failed
[2026-06-06 18:00:01] ══════════════════════════════════════════════════
[2026-06-06 18:05:01] ══════════════════════════════════════════════════
[2026-06-06 18:05:01] 🛡️  BLACKTECH WATCHDOG STARTED
[2026-06-06 18:05:01] ══════════════════════════════════════════════════
[2026-06-06 18:05:01] ──────────────────────────────────────────────────
[2026-06-06 18:05:01] SUMMARY: 10 up, 0 restarted, 0 failed
[2026-06-06 18:05:01] ══════════════════════════════════════════════════
[2026-06-06 18:10:01] ══════════════════════════════════════════════════
[2026-06-06 18:10:01] 🛡️  BLACKTECH WATCHDOG STARTED
[2026-06-06 18:10:01] ══════════════════════════════════════════════════
[2026-06-06 18:10:01] ──────────────────────────────────────────────────
[2026-06-06 18:10:01] SUMMARY: 10 up, 0 restarted, 0 failed
[2026-06-06 18:10:01] ══════════════════════════════════════════════════
[2026-06-06 18:15:01] ══════════════════════════════════════════════════
[2026-06-06 18:15:01] 🛡️  BLACKTECH WATCHDOG STARTED
[2026-06-06 18:15:01] ══════════════════════════════════════════════════
[2026-06-06 18:15:01] ──────────────────────────────────────────────────
[2026-06-06 18:15:01] SUMMARY: 10 up, 0 restarted, 0 failed
[2026-06-06 18:15:01] ══════════════════════════════════════════════════
[2026-06-06 18:20:01] ══════════════════════════════════════════════════
[2026-06-06 18:20:01] 🛡️  BLACKTECH WATCHDOG STARTED
[2026-06-06 18:20:01] ══════════════════════════════════════════════════
[2026-06-06 18:20:01] ──────────────────────────────────────────────────
[2026-06-06 18:20:01] SUMMARY: 10 up, 0 restarted, 0 failed
[2026-06-06 18:20:01] ══════════════════════════════════════════════════
[2026-06-06 18:25:01] ══════════════════════════════════════════════════
[2026-06-06 18:25:01] 🛡️  BLACKTECH WATCHDOG STARTED
[2026-06-06 18:25:01] ══════════════════════════════════════════════════
[2026-06-06 18:25:01] ──────────────────────────────────────────────────
[2026-06-06 18:25:01] SUMMARY: 10 up, 0 restarted, 0 failed
[2026-06-06 18:25:01] ══════════════════════════════════════════════════
[2026-06-06 18:30:02] ══════════════════════════════════════════════════
[2026-06-06 18:30:02] 🛡️  BLACKTECH WATCHDOG STARTED
[2026-06-06 18:30:02] ══════════════════════════════════════════════════
[2026-06-06 18:30:02] ──────────────────────────────────────────────────
[2026-06-06 18:30:02] SUMMARY: 10 up, 0 restarted, 0 failed
[2026-06-06 18:30:02] ══════════════════════════════════════════════════
[2026-06-06 18:35:01] ══════════════════════════════════════════════════
[2026-06-06 18:35:01] 🛡️  BLACKTECH WATCHDOG STARTED
[2026-06-06 18:35:01] ══════════════════════════════════════════════════
[2026-06-06 18:35:01] ──────────────────────────────────────────────────
[2026-06-06 18:35:01] SUMMARY: 10 up, 0 restarted, 0 failed
[2026-06-06 18:35:01] ══════════════════════════════════════════════════
[2026-06-06 18:40:01] ══════════════════════════════════════════════════
[2026-06-06 18:40:01] 🛡️  BLACKTECH WATCHDOG STARTED
[2026-06-06 18:40:01] ══════════════════════════════════════════════════
[2026-06-06 18:40:01] ──────────────────────────────────────────────────
[2026-06-06 18:40:01] SUMMARY: 10 up, 0 restarted, 0 failed
[2026-06-06 18:40:01] ══════════════════════════════════════════════════
[2026-06-06 18:45:01] ══════════════════════════════════════════════════
[2026-06-06 18:45:01] 🛡️  BLACKTECH WATCHDOG STARTED
[2026-06-06 18:45:01] ══════════════════════════════════════════════════
[2026-06-06 18:45:01] ──────────────────────────────────────────────────
[2026-06-06 18:45:01] SUMMARY: 10 up, 0 restarted, 0 failed
[2026-06-06 18:45:01] ══════════════════════════════════════════════════
[2026-06-06 18:50:01] ══════════════════════════════════════════════════
[2026-06-06 18:50:01] 🛡️  BLACKTECH WATCHDOG STARTED
[2026-06-06 18:50:01] ══════════════════════════════════════════════════
[2026-06-06 18:50:01] ──────────────────────────────────────────────────
[2026-06-06 18:50:01] SUMMARY: 10 up, 0 restarted, 0 failed
[2026-06-06 18:50:01] ══════════════════════════════════════════════════
[2026-06-06 18:55:01] ══════════════════════════════════════════════════
[2026-06-06 18:55:01] 🛡️  BLACKTECH WATCHDOG STARTED
[2026-06-06 18:55:01] ══════════════════════════════════════════════════
[2026-06-06 18:55:01] ──────────────────────────────────────────────────
[2026-06-06 18:55:01] SUMMARY: 10 up, 0 restarted, 0 failed
[2026-06-06 18:55:01] ══════════════════════════════════════════════════
[2026-06-06 19:00:01] ══════════════════════════════════════════════════
[2026-06-06 19:00:01] 🛡️  BLACKTECH WATCHDOG STARTED
[2026-06-06 19:00:01] ══════════════════════════════════════════════════
[2026-06-06 19:00:01] ──────────────────────────────────────────────────
[2026-06-06 19:00:01] SUMMARY: 10 up, 0 restarted, 0 failed
[2026-06-06 19:00:01] ══════════════════════════════════════════════════
[2026-06-06 19:05:01] ══════════════════════════════════════════════════
[2026-06-06 19:05:01] 🛡️  BLACKTECH WATCHDOG STARTED
[2026-06-06 19:05:01] ══════════════════════════════════════════════════
[2026-06-06 19:05:01] ──────────────────────────────────────────────────
[2026-06-06 19:05:01] SUMMARY: 10 up, 0 restarted, 0 failed
[2026-06-06 19:05:01] ══════════════════════════════════════════════════
[2026-06-06 19:10:01] ══════════════════════════════════════════════════
[2026-06-06 19:10:01] 🛡️  BLACKTECH WATCHDOG STARTED
[2026-06-06 19:10:01] ══════════════════════════════════════════════════
[2026-06-06 19:10:01] ──────────────────────────────────────────────────
[2026-06-06 19:10:01] SUMMARY: 10 up, 0 restarted, 0 failed
[2026-06-06 19:10:01] ══════════════════════════════════════════════════
[2026-06-06 19:15:01] ══════════════════════════════════════════════════
[2026-06-06 19:15:01] 🛡️  BLACKTECH WATCHDOG STARTED
[2026-06-06 19:15:01] ══════════════════════════════════════════════════
[2026-06-06 19:15:01] ──────────────────────────────────────────────────
[2026-06-06 19:15:01] SUMMARY: 10 up, 0 restarted, 0 failed
[2026-06-06 19:15:01] ══════════════════════════════════════════════════
[2026-06-06 19:20:02] ══════════════════════════════════════════════════
[2026-06-06 19:20:02] 🛡️  BLACKTECH WATCHDOG STARTED
[2026-06-06 19:20:02] ══════════════════════════════════════════════════
[2026-06-06 19:20:02] ──────────────────────────────────────────────────
[2026-06-06 19:20:02] SUMMARY: 10 up, 0 restarted, 0 failed
[2026-06-06 19:20:02] ══════════════════════════════════════════════════
[2026-06-06 19:25:01] ══════════════════════════════════════════════════
[2026-06-06 19:25:01] 🛡️  BLACKTECH WATCHDOG STARTED
[2026-06-06 19:25:01] ══════════════════════════════════════════════════
[2026-06-06 19:25:01] ──────────────────────────────────────────────────
[2026-06-06 19:25:01] SUMMARY: 10 up, 0 restarted, 0 failed
[2026-06-06 19:25:01] ══════════════════════════════════════════════════
[2026-06-06 19:30:01] ══════════════════════════════════════════════════
[2026-06-06 19:30:01] 🛡️  BLACKTECH WATCHDOG STARTED
[2026-06-06 19:30:01] ══════════════════════════════════════════════════
[2026-06-06 19:30:01] ──────────────────────────────────────────────────
[2026-06-06 19:30:01] SUMMARY: 10 up, 0 restarted, 0 failed
[2026-06-06 19:30:01] ══════════════════════════════════════════════════
[2026-06-06 19:35:01] ══════════════════════════════════════════════════
[2026-06-06 19:35:01] 🛡️  BLACKTECH WATCHDOG STARTED
[2026-06-06 19:35:01] ══════════════════════════════════════════════════
[2026-06-06 19:35:01] ──────────────────────────────────────────────────
[2026-06-06 19:35:01] SUMMARY: 10 up, 0 restarted, 0 failed
[2026-06-06 19:35:01] ══════════════════════════════════════════════════
[2026-06-06 19:40:01] ══════════════════════════════════════════════════
[2026-06-06 19:40:01] 🛡️  BLACKTECH WATCHDOG STARTED
[2026-06-06 19:40:01] ══════════════════════════════════════════════════
[2026-06-06 19:40:01] ──────────────────────────────────────────────────
[2026-06-06 19:40:01] SUMMARY: 10 up, 0 restarted, 0 failed
[2026-06-06 19:40:01] ══════════════════════════════════════════════════
[2026-06-06 19:45:01] ══════════════════════════════════════════════════
[2026-06-06 19:45:01] 🛡️  BLACKTECH WATCHDOG STARTED
[2026-06-06 19:45:01] ══════════════════════════════════════════════════
[2026-06-06 19:45:01] ──────────────────────────────────────────────────
[2026-06-06 19:45:01] SUMMARY: 10 up, 0 restarted, 0 failed
[2026-06-06 19:45:01] ══════════════════════════════════════════════════
[2026-06-06 19:50:01] ══════════════════════════════════════════════════
[2026-06-06 19:50:01] 🛡️  BLACKTECH WATCHDOG STARTED
[2026-06-06 19:50:01] ══════════════════════════════════════════════════
[2026-06-06 19:50:01] ──────────────────────────────────────────────────
[2026-06-06 19:50:01] SUMMARY: 10 up, 0 restarted, 0 failed
[2026-06-06 19:50:01] ══════════════════════════════════════════════════
[2026-06-06 19:55:01] ══════════════════════════════════════════════════
[2026-06-06 19:55:01] 🛡️  BLACKTECH WATCHDOG STARTED
[2026-06-06 19:55:01] ══════════════════════════════════════════════════
[2026-06-06 19:55:01] ──────────────────────────────────────────────────
[2026-06-06 19:55:01] SUMMARY: 10 up, 0 restarted, 0 failed
[2026-06-06 19:55:01] ══════════════════════════════════════════════════
[2026-06-06 20:00:01] ══════════════════════════════════════════════════
[2026-06-06 20:00:01] 🛡️  BLACKTECH WATCHDOG STARTED
[2026-06-06 20:00:01] ══════════════════════════════════════════════════
[2026-06-06 20:00:01] ──────────────────────────────────────────────────
[2026-06-06 20:00:01] SUMMARY: 10 up, 0 restarted, 0 failed
[2026-06-06 20:00:01] ══════════════════════════════════════════════════
[2026-06-06 20:05:01] ══════════════════════════════════════════════════
[2026-06-06 20:05:01] 🛡️  BLACKTECH WATCHDOG STARTED
[2026-06-06 20:05:01] ══════════════════════════════════════════════════
[2026-06-06 20:05:01] ──────────────────────────────────────────────────
[2026-06-06 20:05:01] SUMMARY: 10 up, 0 restarted, 0 failed
[2026-06-06 20:05:01] ══════════════════════════════════════════════════
[2026-06-06 20:10:01] ══════════════════════════════════════════════════
[2026-06-06 20:10:01] 🛡️  BLACKTECH WATCHDOG STARTED
[2026-06-06 20:10:01] ══════════════════════════════════════════════════
[2026-06-06 20:10:01] ──────────────────────────────────────────────────
[2026-06-06 20:10:01] SUMMARY: 10 up, 0 restarted, 0 failed
[2026-06-06 20:10:01] ══════════════════════════════════════════════════
[2026-06-06 20:15:01] ══════════════════════════════════════════════════
[2026-06-06 20:15:01] 🛡️  BLACKTECH WATCHDOG STARTED
[2026-06-06 20:15:01] ══════════════════════════════════════════════════
[2026-06-06 20:15:01] ──────────────────────────────────────────────────
[2026-06-06 20:15:01] SUMMARY: 10 up, 0 restarted, 0 failed
[2026-06-06 20:15:01] ══════════════════════════════════════════════════
[2026-06-06 20:20:01] ══════════════════════════════════════════════════
[2026-06-06 20:20:01] 🛡️  BLACKTECH WATCHDOG STARTED
[2026-06-06 20:20:01] ══════════════════════════════════════════════════
[2026-06-06 20:20:01] ──────────────────────────────────────────────────
[2026-06-06 20:20:01] SUMMARY: 10 up, 0 restarted, 0 failed
[2026-06-06 20:20:01] ══════════════════════════════════════════════════
[2026-06-06 20:25:01] ══════════════════════════════════════════════════
[2026-06-06 20:25:01] 🛡️  BLACKTECH WATCHDOG STARTED
[2026-06-06 20:25:01] ══════════════════════════════════════════════════
[2026-06-06 20:25:01] ──────────────────────────────────────────────────
[2026-06-06 20:25:01] SUMMARY: 10 up, 0 restarted, 0 failed
[2026-06-06 20:25:01] ══════════════════════════════════════════════════
[2026-06-06 20:30:01] ══════════════════════════════════════════════════
[2026-06-06 20:30:01] 🛡️  BLACKTECH WATCHDOG STARTED
[2026-06-06 20:30:01] ══════════════════════════════════════════════════
[2026-06-06 20:30:01] ──────────────────────────────────────────────────
[2026-06-06 20:30:01] SUMMARY: 10 up, 0 restarted, 0 failed
[2026-06-06 20:30:01] ══════════════════════════════════════════════════
[2026-06-06 20:35:01] ══════════════════════════════════════════════════
[2026-06-06 20:35:01] 🛡️  BLACKTECH WATCHDOG STARTED
[2026-06-06 20:35:01] ══════════════════════════════════════════════════
[2026-06-06 20:35:01] ──────────────────────────────────────────────────
[2026-06-06 20:35:01] SUMMARY: 10 up, 0 restarted, 0 failed
[2026-06-06 20:35:01] ══════════════════════════════════════════════════
[2026-06-06 20:40:01] ══════════════════════════════════════════════════
[2026-06-06 20:40:01] 🛡️  BLACKTECH WATCHDOG STARTED
[2026-06-06 20:40:01] ══════════════════════════════════════════════════
[2026-06-06 20:40:01] ──────────────────────────────────────────────────
[2026-06-06 20:40:01] SUMMARY: 10 up, 0 restarted, 0 failed
[2026-06-06 20:40:01] ══════════════════════════════════════════════════
[2026-06-06 20:45:01] ══════════════════════════════════════════════════
[2026-06-06 20:45:01] 🛡️  BLACKTECH WATCHDOG STARTED
[2026-06-06 20:45:01] ══════════════════════════════════════════════════
[2026-06-06 20:45:01] ──────────────────────────────────────────────────
[2026-06-06 20:45:01] SUMMARY: 10 up, 0 restarted, 0 failed
[2026-06-06 20:45:01] ══════════════════════════════════════════════════
[2026-06-06 20:50:01] ══════════════════════════════════════════════════
[2026-06-06 20:50:01] 🛡️  BLACKTECH WATCHDOG STARTED
[2026-06-06 20:50:01] ══════════════════════════════════════════════════
[2026-06-06 20:50:01] ──────────────────────────────────────────────────
[2026-06-06 20:50:01] SUMMARY: 10 up, 0 restarted, 0 failed
[2026-06-06 20:50:01] ══════════════════════════════════════════════════
[2026-06-06 20:55:01] ══════════════════════════════════════════════════
[2026-06-06 20:55:01] 🛡️  BLACKTECH WATCHDOG STARTED
[2026-06-06 20:55:01] ══════════════════════════════════════════════════
[2026-06-06 20:55:01] ──────────────────────────────────────────────────
[2026-06-06 20:55:01] SUMMARY: 10 up, 0 restarted, 0 failed
[2026-06-06 20:55:01] ══════════════════════════════════════════════════
[2026-06-06 21:00:01] ══════════════════════════════════════════════════
[2026-06-06 21:00:01] 🛡️  BLACKTECH WATCHDOG STARTED
[2026-06-06 21:00:01] ══════════════════════════════════════════════════
[2026-06-06 21:00:01] ──────────────────────────────────────────────────
[2026-06-06 21:00:01] SUMMARY: 10 up, 0 restarted, 0 failed
[2026-06-06 21:00:01] ══════════════════════════════════════════════════
[2026-06-06 21:05:01] ══════════════════════════════════════════════════
[2026-06-06 21:05:01] 🛡️  BLACKTECH WATCHDOG STARTED
[2026-06-06 21:05:01] ══════════════════════════════════════════════════
[2026-06-06 21:05:01] ──────────────────────────────────────────────────
[2026-06-06 21:05:01] SUMMARY: 10 up, 0 restarted, 0 failed
[2026-06-06 21:05:01] ══════════════════════════════════════════════════
[2026-06-06 21:10:01] ══════════════════════════════════════════════════
[2026-06-06 21:10:01] 🛡️  BLACKTECH WATCHDOG STARTED
[2026-06-06 21:10:01] ══════════════════════════════════════════════════
[2026-06-06 21:10:01] ──────────────────────────────────────────────────
[2026-06-06 21:10:01] SUMMARY: 10 up, 0 restarted, 0 failed
[2026-06-06 21:10:01] ══════════════════════════════════════════════════
[2026-06-06 21:15:01] ══════════════════════════════════════════════════
[2026-06-06 21:15:01] 🛡️  BLACKTECH WATCHDOG STARTED
[2026-06-06 21:15:01] ══════════════════════════════════════════════════
[2026-06-06 21:15:01] ──────────────────────────────────────────────────
[2026-06-06 21:15:01] SUMMARY: 10 up, 0 restarted, 0 failed
[2026-06-06 21:15:01] ══════════════════════════════════════════════════
[2026-06-06 21:20:02] ══════════════════════════════════════════════════
[2026-06-06 21:20:02] 🛡️  BLACKTECH WATCHDOG STARTED
[2026-06-06 21:20:02] ══════════════════════════════════════════════════
[2026-06-06 21:20:02] ──────────────────────────────────────────────────
[2026-06-06 21:20:02] SUMMARY: 10 up, 0 restarted, 0 failed
[2026-06-06 21:20:02] ══════════════════════════════════════════════════
[2026-06-06 21:25:01] ══════════════════════════════════════════════════
[2026-06-06 21:25:01] 🛡️  BLACKTECH WATCHDOG STARTED
[2026-06-06 21:25:01] ══════════════════════════════════════════════════
[2026-06-06 21:25:01] ──────────────────────────────────────────────────
[2026-06-06 21:25:01] SUMMARY: 10 up, 0 restarted, 0 failed
[2026-06-06 21:25:01] ══════════════════════════════════════════════════
[2026-06-06 21:30:01] ══════════════════════════════════════════════════
[2026-06-06 21:30:01] 🛡️  BLACKTECH WATCHDOG STARTED
[2026-06-06 21:30:01] ══════════════════════════════════════════════════
[2026-06-06 21:30:01] ──────────────────────────────────────────────────
[2026-06-06 21:30:01] SUMMARY: 10 up, 0 restarted, 0 failed
[2026-06-06 21:30:01] ══════════════════════════════════════════════════
[2026-06-06 21:35:01] ══════════════════════════════════════════════════
[2026-06-06 21:35:01] 🛡️  BLACKTECH WATCHDOG STARTED
[2026-06-06 21:35:01] ══════════════════════════════════════════════════
[2026-06-06 21:35:01] ──────────────────────────────────────────────────
[2026-06-06 21:35:01] SUMMARY: 10 up, 0 restarted, 0 failed
[2026-06-06 21:35:01] ══════════════════════════════════════════════════
[2026-06-06 21:40:01] ══════════════════════════════════════════════════
[2026-06-06 21:40:01] 🛡️  BLACKTECH WATCHDOG STARTED
[2026-06-06 21:40:01] ══════════════════════════════════════════════════
[2026-06-06 21:40:01] ──────────────────────────────────────────────────
[2026-06-06 21:40:01] SUMMARY: 10 up, 0 restarted, 0 failed
[2026-06-06 21:40:01] ══════════════════════════════════════════════════
[2026-06-06 21:45:01] ══════════════════════════════════════════════════
[2026-06-06 21:45:01] 🛡️  BLACKTECH WATCHDOG STARTED
[2026-06-06 21:45:01] ══════════════════════════════════════════════════
[2026-06-06 21:45:01] ──────────────────────────────────────────────────
[2026-06-06 21:45:01] SUMMARY: 10 up, 0 restarted, 0 failed
[2026-06-06 21:45:01] ══════════════════════════════════════════════════
[2026-06-06 21:50:01] ══════════════════════════════════════════════════
[2026-06-06 21:50:01] 🛡️  BLACKTECH WATCHDOG STARTED
[2026-06-06 21:50:01] ══════════════════════════════════════════════════
[2026-06-06 21:50:01] ──────────────────────────────────────────────────
[2026-06-06 21:50:01] SUMMARY: 10 up, 0 restarted, 0 failed
[2026-06-06 21:50:01] ══════════════════════════════════════════════════
[2026-06-06 21:55:01] ══════════════════════════════════════════════════
[2026-06-06 21:55:01] 🛡️  BLACKTECH WATCHDOG STARTED
[2026-06-06 21:55:01] ══════════════════════════════════════════════════
[2026-06-06 21:55:01] ──────────────────────────────────────────────────
[2026-06-06 21:55:01] SUMMARY: 10 up, 0 restarted, 0 failed
[2026-06-06 21:55:01] ══════════════════════════════════════════════════
[2026-06-06 21:55:47] ═══ Watchdog check started ═══
[2026-06-06 21:55:47] ✅ n8n Auto (port 5678) — OK
[2026-06-06 21:55:47] ✅ Energy Experts Board (port 8080) — OK
[2026-06-06 21:55:47] ✅ File Manager (port 8081) — OK
[2026-06-06 21:55:47] ✅ Think Energy Leads (port 8088) — OK
[2026-06-06 21:55:47] ✅ Command Center (port 8090) — OK
[2026-06-06 21:55:47] ✅ Money / Budget (port 8091) — OK
[2026-06-06 21:55:47] ✅ CRM / Lead Portal (port 8092) — OK
[2026-06-06 21:55:47] ✅ Finance / Reports (port 8093) — OK
[2026-06-06 21:55:47] ✅ BFN / Blue Wednesday (port 8094) — OK
[2026-06-06 21:55:47] ✅ ComEd Dashboard (port 8095) — OK
[2026-06-06 21:55:47] ═══ Done. Down: 0, Restart fails: 0, Alerts: 0 ═══
[2026-06-06 22:00:01] ═══ Watchdog check started ═══
[2026-06-06 22:00:01] ✅ n8n Auto (port 5678) — OK
[2026-06-06 22:00:01] ✅ Energy Experts Board (port 8080) — OK
[2026-06-06 22:00:01] ✅ File Manager (port 8081) — OK
[2026-06-06 22:00:01] ✅ Think Energy Leads (port 8088) — OK
[2026-06-06 22:00:01] ✅ Command Center (port 8090) — OK
[2026-06-06 22:00:01] ✅ Money / Budget (port 8091) — OK
[2026-06-06 22:00:01] ✅ CRM / Lead Portal (port 8092) — OK
[2026-06-06 22:00:01] ✅ Finance / Reports (port 8093) — OK
[2026-06-06 22:00:01] ✅ BFN / Blue Wednesday (port 8094) — OK
[2026-06-06 22:00:01] ✅ ComEd Dashboard (port 8095) — OK
[2026-06-06 22:00:01] ═══ Done. Down: 0, Restart fails: 0, Alerts: 0 ═══
[2026-06-06 22:05:01] ═══ Watchdog check started ═══
[2026-06-06 22:05:01] ✅ n8n Auto (port 5678) — OK
[2026-06-06 22:05:01] ✅ Energy Experts Board (port 8080) — OK
[2026-06-06 22:05:01] ✅ File Manager (port 8081) — OK
[2026-06-06 22:05:01] ✅ Think Energy Leads (port 8088) — OK
[2026-06-06 22:05:01] ✅ Command Center (port 8090) — OK
[2026-06-06 22:05:01] ✅ Money / Budget (port 8091) — OK
[2026-06-06 22:05:01] ✅ CRM / Lead Portal (port 8092) — OK
[2026-06-06 22:05:01] ✅ Finance / Reports (port 8093) — OK
[2026-06-06 22:05:01] ✅ BFN / Blue Wednesday (port 8094) — OK
[2026-06-06 22:05:01] ✅ ComEd Dashboard (port 8095) — OK
[2026-06-06 22:05:01] ═══ Done. Down: 0, Restart fails: 0, Alerts: 0 ═══
[2026-06-06 22:10:01] ═══ Watchdog check started ═══
[2026-06-06 22:10:01] ✅ n8n Auto (port 5678) — OK
[2026-06-06 22:10:01] ✅ Energy Experts Board (port 8080) — OK
[2026-06-06 22:10:01] ✅ File Manager (port 8081) — OK
[2026-06-06 22:10:01] ✅ Think Energy Leads (port 8088) — OK
[2026-06-06 22:10:01] ✅ Command Center (port 8090) — OK
[2026-06-06 22:10:01] ✅ Money / Budget (port 8091) — OK
[2026-06-06 22:10:01] ✅ CRM / Lead Portal (port 8092) — OK
[2026-06-06 22:10:01] ✅ Finance / Reports (port 8093) — OK
[2026-06-06 22:10:02] ✅ BFN / Blue Wednesday (port 8094) — OK
[2026-06-06 22:10:02] ✅ ComEd Dashboard (port 8095) — OK
[2026-06-06 22:10:02] ═══ Done. Down: 0, Restart fails: 0, Alerts: 0 ═══
[2026-06-06 22:14:56] ═══ Watchdog check started ═══
[2026-06-06 22:14:56] ✅ n8n Auto (port 5678) — OK
[2026-06-06 22:14:56] ✅ Energy Experts Board (port 8080) — OK
[2026-06-06 22:14:56] ✅ File Manager (port 8081) — OK
[2026-06-06 22:14:56] ✅ Think Energy Leads (port 8088) — OK
[2026-06-06 22:14:56] ✅ Command Center (port 8090) — OK
[2026-06-06 22:14:56] ✅ Money / Budget (port 8091) — OK
[2026-06-06 22:14:56] ✅ CRM / Lead Portal (port 8092) — OK
[2026-06-06 22:14:56] ✅ Finance / Reports (port 8093) — OK
[2026-06-06 22:14:56] ✅ BFN / Blue Wednesday (port 8094) — OK
[2026-06-06 22:14:56] ✅ ComEd Dashboard (port 8095) — OK
[2026-06-06 22:14:56] ═══ Done. Down: 0, Restart fails: 0, Alerts: 0 ═══
[2026-06-06 22:15:01] ═══ Watchdog check started ═══
[2026-06-06 22:15:01] ✅ n8n Auto (port 5678) — OK
[2026-06-06 22:15:01] ✅ Energy Experts Board (port 8080) — OK
[2026-06-06 22:15:01] ✅ File Manager (port 8081) — OK
[2026-06-06 22:15:01] ✅ Think Energy Leads (port 8088) — OK
[2026-06-06 22:15:01] ✅ Command Center (port 8090) — OK
[2026-06-06 22:15:01] ✅ Money / Budget (port 8091) — OK
[2026-06-06 22:15:01] ✅ CRM / Lead Portal (port 8092) — OK
[2026-06-06 22:15:01] ✅ Finance / Reports (port 8093) — OK
[2026-06-06 22:15:01] ✅ BFN / Blue Wednesday (port 8094) — OK
[2026-06-06 22:15:01] ✅ ComEd Dashboard (port 8095) — OK
[2026-06-06 22:15:01] ═══ Done. Down: 0, Restart fails: 0, Alerts: 0 ═══
[2026-06-06 22:20:01] ═══ Watchdog check started ═══
[2026-06-06 22:20:01] ✅ n8n Auto (port 5678) — OK
[2026-06-06 22:20:01] ✅ Energy Experts Board (port 8080) — OK
[2026-06-06 22:20:01] ✅ File Manager (port 8081) — OK
[2026-06-06 22:20:01] ✅ Think Energy Leads (port 8088) — OK
[2026-06-06 22:20:01] ✅ Command Center (port 8090) — OK
[2026-06-06 22:20:01] ✅ Money / Budget (port 8091) — OK
[2026-06-06 22:20:01] ✅ CRM / Lead Portal (port 8092) — OK
[2026-06-06 22:20:01] ✅ Finance / Reports (port 8093) — OK
[2026-06-06 22:20:01] ✅ BFN / Blue Wednesday (port 8094) — OK
[2026-06-06 22:20:01] ✅ ComEd Dashboard (port 8095) — OK
[2026-06-06 22:20:01] ═══ Done. Down: 0, Restart fails: 0, Alerts: 0 ═══
[2026-06-06 22:21:43] ═══ Watchdog check started ═══
[2026-06-06 22:21:43] ✅ n8n Auto (port 5678) — OK
[2026-06-06 22:21:43] ✅ Energy Experts Board (port 8080) — OK
[2026-06-06 22:21:43] ✅ File Manager (port 8081) — OK
[2026-06-06 22:21:43] ✅ Think Energy Leads (port 8088) — OK
[2026-06-06 22:21:43] ✅ Command Center (port 8090) — OK
[2026-06-06 22:21:43] ✅ Money / Budget (port 8091) — OK
[2026-06-06 22:21:43] ✅ CRM / Lead Portal (port 8092) — OK
[2026-06-06 22:21:43] ✅ Finance / Reports (port 8093) — OK
[2026-06-06 22:21:43] ✅ BFN / Blue Wednesday (port 8094) — OK
[2026-06-06 22:21:43] ✅ ComEd Dashboard (port 8095) — OK
[2026-06-06 22:21:43] ═══ Done. Down: 0, Restart fails: 0, Alerts: 0 ═══
[2026-06-06 22:25:01] ═══ Watchdog check started ═══
[2026-06-06 22:25:01] ✅ n8n Auto (port 5678) — OK
[2026-06-06 22:25:01] ✅ Energy Experts Board (port 8080) — OK
[2026-06-06 22:25:01] ✅ File Manager (port 8081) — OK
[2026-06-06 22:25:01] ✅ Think Energy Leads (port 8088) — OK
[2026-06-06 22:25:01] ✅ Command Center (port 8090) — OK
[2026-06-06 22:25:01] ✅ Money / Budget (port 8091) — OK
[2026-06-06 22:25:01] ✅ CRM / Lead Portal (port 8092) — OK
[2026-06-06 22:25:01] ✅ Finance / Reports (port 8093) — OK
[2026-06-06 22:25:01] ✅ BFN / Blue Wednesday (port 8094) — OK
[2026-06-06 22:25:01] ✅ ComEd Dashboard (port 8095) — OK
[2026-06-06 22:25:01] ═══ Done. Down: 0, Restart fails: 0, Alerts: 0 ═══
[2026-06-06 22:30:01] ═══ Watchdog check started ═══
[2026-06-06 22:30:01] ✅ n8n Auto (port 5678) — OK
[2026-06-06 22:30:01] ✅ Energy Experts Board (port 8080) — OK
[2026-06-06 22:30:01] ✅ File Manager (port 8081) — OK
[2026-06-06 22:30:01] ✅ Think Energy Leads (port 8088) — OK
[2026-06-06 22:30:01] ✅ Command Center (port 8090) — OK
[2026-06-06 22:30:01] ✅ Money / Budget (port 8091) — OK
[2026-06-06 22:30:01] ✅ CRM / Lead Portal (port 8092) — OK
[2026-06-06 22:30:01] ✅ Finance / Reports (port 8093) — OK
[2026-06-06 22:30:01] ✅ BFN / Blue Wednesday (port 8094) — OK
[2026-06-06 22:30:01] ✅ ComEd Dashboard (port 8095) — OK
[2026-06-06 22:30:01] ═══ Done. Down: 0, Restart fails: 0, Alerts: 0 ═══
[2026-06-06 22:35:01] ═══ Watchdog check started ═══
[2026-06-06 22:35:01] ✅ n8n Auto (port 5678) — OK
[2026-06-06 22:35:01] ✅ Energy Experts Board (port 8080) — OK
[2026-06-06 22:35:01] ✅ File Manager (port 8081) — OK
[2026-06-06 22:35:01] ✅ Think Energy Leads (port 8088) — OK
[2026-06-06 22:35:01] ✅ Command Center (port 8090) — OK
[2026-06-06 22:35:01] ✅ Money / Budget (port 8091) — OK
[2026-06-06 22:35:01] ✅ CRM / Lead Portal (port 8092) — OK
[2026-06-06 22:35:01] ✅ Finance / Reports (port 8093) — OK
[2026-06-06 22:35:01] ✅ BFN / Blue Wednesday (port 8094) — OK
[2026-06-06 22:35:01] ✅ ComEd Dashboard (port 8095) — OK
[2026-06-06 22:35:01] ═══ Done. Down: 0, Restart fails: 0, Alerts: 0 ═══
[2026-06-06 22:40:02] ═══ Watchdog check started ═══
[2026-06-06 22:40:02] ✅ n8n Auto (port 5678) — OK
[2026-06-06 22:40:02] ✅ Energy Experts Board (port 8080) — OK
[2026-06-06 22:40:02] ✅ File Manager (port 8081) — OK
[2026-06-06 22:40:02] ✅ Think Energy Leads (port 8088) — OK
[2026-06-06 22:40:02] ✅ Command Center (port 8090) — OK
[2026-06-06 22:40:02] ✅ Money / Budget (port 8091) — OK
[2026-06-06 22:40:02] ✅ CRM / Lead Portal (port 8092) — OK
[2026-06-06 22:40:02] ✅ Finance / Reports (port 8093) — OK
[2026-06-06 22:40:02] ✅ BFN / Blue Wednesday (port 8094) — OK
[2026-06-06 22:40:02] ✅ ComEd Dashboard (port 8095) — OK
[2026-06-06 22:40:02] ═══ Done. Down: 0, Restart fails: 0, Alerts: 0 ═══
[2026-06-06 22:45:01] ═══ Watchdog check started ═══
[2026-06-06 22:45:01] ✅ n8n Auto (port 5678) — OK
[2026-06-06 22:45:01] ✅ Energy Experts Board (port 8080) — OK
[2026-06-06 22:45:01] ✅ File Manager (port 8081) — OK
[2026-06-06 22:45:01] ✅ Think Energy Leads (port 8088) — OK
[2026-06-06 22:45:01] ✅ Command Center (port 8090) — OK
[2026-06-06 22:45:01] ✅ Money / Budget (port 8091) — OK
[2026-06-06 22:45:01] ✅ CRM / Lead Portal (port 8092) — OK
[2026-06-06 22:45:01] ✅ Finance / Reports (port 8093) — OK
[2026-06-06 22:45:01] ✅ BFN / Blue Wednesday (port 8094) — OK
[2026-06-06 22:45:01] ✅ ComEd Dashboard (port 8095) — OK
[2026-06-06 22:45:01] ═══ Done. Down: 0, Restart fails: 0, Alerts: 0 ═══
[2026-06-06 22:50:01] ═══ Watchdog check started ═══
[2026-06-06 22:50:01] ✅ n8n Auto (port 5678) — OK
[2026-06-06 22:50:01] ✅ Energy Experts Board (port 8080) — OK
[2026-06-06 22:50:01] ✅ File Manager (port 8081) — OK
[2026-06-06 22:50:01] ✅ Think Energy Leads (port 8088) — OK
[2026-06-06 22:50:01] ✅ Command Center (port 8090) — OK
[2026-06-06 22:50:01] ✅ Money / Budget (port 8091) — OK
[2026-06-06 22:50:01] ✅ CRM / Lead Portal (port 8092) — OK
[2026-06-06 22:50:01] ✅ Finance / Reports (port 8093) — OK
[2026-06-06 22:50:01] ✅ BFN / Blue Wednesday (port 8094) — OK
[2026-06-06 22:50:01] ✅ ComEd Dashboard (port 8095) — OK
[2026-06-06 22:50:01] ═══ Done. Down: 0, Restart fails: 0, Alerts: 0 ═══
[2026-06-06 22:55:01] ═══ Watchdog check started ═══
[2026-06-06 22:55:01] ✅ n8n Auto (port 5678) — OK
[2026-06-06 22:55:01] ✅ Energy Experts Board (port 8080) — OK
[2026-06-06 22:55:01] ✅ File Manager (port 8081) — OK
[2026-06-06 22:55:01] ✅ Think Energy Leads (port 8088) — OK
[2026-06-06 22:55:01] ✅ Command Center (port 8090) — OK
[2026-06-06 22:55:01] ✅ Money / Budget (port 8091) — OK
[2026-06-06 22:55:01] ✅ CRM / Lead Portal (port 8092) — OK
[2026-06-06 22:55:01] ✅ Finance / Reports (port 8093) — OK
[2026-06-06 22:55:01] ✅ BFN / Blue Wednesday (port 8094) — OK
[2026-06-06 22:55:01] ✅ ComEd Dashboard (port 8095) — OK
[2026-06-06 22:55:01] ═══ Done. Down: 0, Restart fails: 0, Alerts: 0 ═══
[2026-06-06 23:00:01] ═══ Watchdog check started ═══
[2026-06-06 23:00:01] ✅ n8n Auto (port 5678) — OK
[2026-06-06 23:00:01] ✅ Energy Experts Board (port 8080) — OK
[2026-06-06 23:00:01] ✅ File Manager (port 8081) — OK
[2026-06-06 23:00:01] ✅ Think Energy Leads (port 8088) — OK
[2026-06-06 23:00:01] ✅ Command Center (port 8090) — OK
[2026-06-06 23:00:01] ✅ Money / Budget (port 8091) — OK
[2026-06-06 23:00:01] ✅ CRM / Lead Portal (port 8092) — OK
[2026-06-06 23:00:01] ✅ Finance / Reports (port 8093) — OK
[2026-06-06 23:00:01] ✅ BFN / Blue Wednesday (port 8094) — OK
[2026-06-06 23:00:01] ✅ ComEd Dashboard (port 8095) — OK
[2026-06-06 23:00:01] ═══ Done. Down: 0, Restart fails: 0, Alerts: 0 ═══
[2026-06-06 23:05:02] ═══ Watchdog check started ═══
[2026-06-06 23:05:02] ✅ n8n Auto (port 5678) — OK
[2026-06-06 23:05:02] ✅ Energy Experts Board (port 8080) — OK
[2026-06-06 23:05:02] ✅ File Manager (port 8081) — OK
[2026-06-06 23:05:02] ✅ Think Energy Leads (port 8088) — OK
[2026-06-06 23:05:02] ✅ Command Center (port 8090) — OK
[2026-06-06 23:05:02] ✅ Money / Budget (port 8091) — OK
[2026-06-06 23:05:02] ✅ CRM / Lead Portal (port 8092) — OK
[2026-06-06 23:05:02] ✅ Finance / Reports (port 8093) — OK
[2026-06-06 23:05:02] ✅ BFN / Blue Wednesday (port 8094) — OK
[2026-06-06 23:05:02] ✅ ComEd Dashboard (port 8095) — OK
[2026-06-06 23:05:02] ═══ Done. Down: 0, Restart fails: 0, Alerts: 0 ═══
[2026-06-06 23:10:01] ═══ Watchdog check started ═══
[2026-06-06 23:10:01] ✅ n8n Auto (port 5678) — OK
[2026-06-06 23:10:01] ✅ Energy Experts Board (port 8080) — OK
[2026-06-06 23:10:01] ✅ File Manager (port 8081) — OK
[2026-06-06 23:10:01] ✅ Think Energy Leads (port 8088) — OK
[2026-06-06 23:10:01] ✅ Command Center (port 8090) — OK
[2026-06-06 23:10:01] ✅ Money / Budget (port 8091) — OK
[2026-06-06 23:10:01] ✅ CRM / Lead Portal (port 8092) — OK
[2026-06-06 23:10:01] ✅ Finance / Reports (port 8093) — OK
[2026-06-06 23:10:01] ✅ BFN / Blue Wednesday (port 8094) — OK
[2026-06-06 23:10:01] ✅ ComEd Dashboard (port 8095) — OK
[2026-06-06 23:10:01] ═══ Done. Down: 0, Restart fails: 0, Alerts: 0 ═══
[2026-06-06 23:15:01] ═══ Watchdog check started ═══
[2026-06-06 23:15:01] ✅ n8n Auto (port 5678) — OK
[2026-06-06 23:15:01] ✅ Energy Experts Board (port 8080) — OK
[2026-06-06 23:15:01] ✅ File Manager (port 8081) — OK
[2026-06-06 23:15:01] ✅ Think Energy Leads (port 8088) — OK
[2026-06-06 23:15:01] ✅ Command Center (port 8090) — OK
[2026-06-06 23:15:01] ✅ Money / Budget (port 8091) — OK
[2026-06-06 23:15:01] ✅ CRM / Lead Portal (port 8092) — OK
[2026-06-06 23:15:01] ✅ Finance / Reports (port 8093) — OK
[2026-06-06 23:15:01] ✅ BFN / Blue Wednesday (port 8094) — OK
[2026-06-06 23:15:01] ✅ ComEd Dashboard (port 8095) — OK
[2026-06-06 23:15:01] ═══ Done. Down: 0, Restart fails: 0, Alerts: 0 ═══
[2026-06-06 23:20:01] ═══ Watchdog check started ═══
[2026-06-06 23:20:01] ✅ n8n Auto (port 5678) — OK
[2026-06-06 23:20:01] ✅ Energy Experts Board (port 8080) — OK
[2026-06-06 23:20:01] ✅ File Manager (port 8081) — OK
[2026-06-06 23:20:01] ✅ Think Energy Leads (port 8088) — OK
[2026-06-06 23:20:01] ✅ Command Center (port 8090) — OK
[2026-06-06 23:20:01] ✅ Money / Budget (port 8091) — OK
[2026-06-06 23:20:01] ✅ CRM / Lead Portal (port 8092) — OK
[2026-06-06 23:20:01] ✅ Finance / Reports (port 8093) — OK
[2026-06-06 23:20:01] ✅ BFN / Blue Wednesday (port 8094) — OK
[2026-06-06 23:20:01] ✅ ComEd Dashboard (port 8095) — OK
[2026-06-06 23:20:01] ═══ Done. Down: 0, Restart fails: 0, Alerts: 0 ═══
[2026-06-06 23:25:02] ═══ Watchdog check started ═══
[2026-06-06 23:25:02] ✅ n8n Auto (port 5678) — OK
[2026-06-06 23:25:02] ✅ Energy Experts Board (port 8080) — OK
[2026-06-06 23:25:02] ✅ File Manager (port 8081) — OK
[2026-06-06 23:25:02] ✅ Think Energy Leads (port 8088) — OK
[2026-06-06 23:25:02] ✅ Command Center (port 8090) — OK
[2026-06-06 23:25:02] ✅ Money / Budget (port 8091) — OK
[2026-06-06 23:25:02] ✅ CRM / Lead Portal (port 8092) — OK
[2026-06-06 23:25:02] ✅ Finance / Reports (port 8093) — OK
[2026-06-06 23:25:02] ✅ BFN / Blue Wednesday (port 8094) — OK
[2026-06-06 23:25:02] ✅ ComEd Dashboard (port 8095) — OK
[2026-06-06 23:25:02] ═══ Done. Down: 0, Restart fails: 0, Alerts: 0 ═══
[2026-06-06 23:30:01] ═══ Watchdog check started ═══
[2026-06-06 23:30:01] ✅ n8n Auto (port 5678) — OK
[2026-06-06 23:30:01] ✅ Energy Experts Board (port 8080) — OK
[2026-06-06 23:30:01] ✅ File Manager (port 8081) — OK
[2026-06-06 23:30:01] ✅ Think Energy Leads (port 8088) — OK
[2026-06-06 23:30:01] ✅ Command Center (port 8090) — OK
[2026-06-06 23:30:01] ✅ Money / Budget (port 8091) — OK
[2026-06-06 23:30:01] ✅ CRM / Lead Portal (port 8092) — OK
[2026-06-06 23:30:01] ✅ Finance / Reports (port 8093) — OK
[2026-06-06 23:30:01] ✅ BFN / Blue Wednesday (port 8094) — OK
[2026-06-06 23:30:01] ✅ ComEd Dashboard (port 8095) — OK
[2026-06-06 23:30:01] ═══ Done. Down: 0, Restart fails: 0, Alerts: 0 ═══
[2026-06-06 23:35:01] ═══ Watchdog check started ═══
[2026-06-06 23:35:01] ✅ n8n Auto (port 5678) — OK
[2026-06-06 23:35:01] ✅ Energy Experts Board (port 8080) — OK
[2026-06-06 23:35:01] ✅ File Manager (port 8081) — OK
[2026-06-06 23:35:01] ✅ Think Energy Leads (port 8088) — OK
[2026-06-06 23:35:01] ✅ Command Center (port 8090) — OK
[2026-06-06 23:35:01] ✅ Money / Budget (port 8091) — OK
[2026-06-06 23:35:01] ✅ CRM / Lead Portal (port 8092) — OK
[2026-06-06 23:35:01] ✅ Finance / Reports (port 8093) — OK
[2026-06-06 23:35:01] ✅ BFN / Blue Wednesday (port 8094) — OK
[2026-06-06 23:35:01] ✅ ComEd Dashboard (port 8095) — OK
[2026-06-06 23:35:01] ═══ Done. Down: 0, Restart fails: 0, Alerts: 0 ═══
[2026-06-06 23:38:04] ═══ Watchdog check started ═══
[2026-06-06 23:38:04] ✅ n8n Auto (port 5678) — OK
[2026-06-06 23:38:04] ✅ Energy Experts Board (port 8080) — OK
[2026-06-06 23:38:04] ✅ File Manager (port 8081) — OK
[2026-06-06 23:38:04] ✅ Think Energy Leads (port 8088) — OK
[2026-06-06 23:38:04] ✅ Command Center (port 8090) — OK
[2026-06-06 23:38:04] ✅ Money / Budget (port 8091) — OK
[2026-06-06 23:38:04] ✅ CRM / Lead Portal (port 8092) — OK
[2026-06-06 23:38:04] ✅ Finance / Reports (port 8093) — OK
[2026-06-06 23:38:04] ✅ BFN / Blue Wednesday (port 8094) — OK
[2026-06-06 23:38:04] ✅ ComEd Dashboard (port 8095) — OK
[2026-06-06 23:38:04] ═══ Done. Down: 0, Restart fails: 0, Alerts: 0 ═══
[2026-06-06 23:40:01] ═══ Watchdog check started ═══
[2026-06-06 23:40:01] ✅ n8n Auto (port 5678) — OK
[2026-06-06 23:40:01] ✅ Energy Experts Board (port 8080) — OK
[2026-06-06 23:40:01] ✅ File Manager (port 8081) — OK
[2026-06-06 23:40:01] ✅ Think Energy Leads (port 8088) — OK
[2026-06-06 23:40:01] ✅ Command Center (port 8090) — OK
[2026-06-06 23:40:01] ✅ Money / Budget (port 8091) — OK
[2026-06-06 23:40:01] ✅ CRM / Lead Portal (port 8092) — OK
[2026-06-06 23:40:01] ✅ Finance / Reports (port 8093) — OK
[2026-06-06 23:40:01] ✅ BFN / Blue Wednesday (port 8094) — OK
[2026-06-06 23:40:01] ✅ ComEd Dashboard (port 8095) — OK
[2026-06-06 23:40:01] ═══ Done. Down: 0, Restart fails: 0, Alerts: 0 ═══
[2026-06-06 23:45:01] ═══ Watchdog check started ═══
[2026-06-06 23:45:01] ✅ n8n Auto (port 5678) — OK
[2026-06-06 23:45:01] ✅ Energy Experts Board (port 8080) — OK
[2026-06-06 23:45:01] ✅ File Manager (port 8081) — OK
[2026-06-06 23:45:01] ✅ Think Energy Leads (port 8088) — OK
[2026-06-06 23:45:01] ✅ Command Center (port 8090) — OK
[2026-06-06 23:45:01] ✅ Money / Budget (port 8091) — OK
[2026-06-06 23:45:01] ✅ CRM / Lead Portal (port 8092) — OK
[2026-06-06 23:45:01] ✅ Finance / Reports (port 8093) — OK
[2026-06-06 23:45:01] ✅ BFN / Blue Wednesday (port 8094) — OK
[2026-06-06 23:45:01] ✅ ComEd Dashboard (port 8095) — OK
[2026-06-06 23:45:01] ═══ Done. Down: 0, Restart fails: 0, Alerts: 0 ═══
[2026-06-06 23:50:02] ═══ Watchdog check started ═══
[2026-06-06 23:50:02] ✅ n8n Auto (port 5678) — OK
[2026-06-06 23:50:02] ✅ Energy Experts Board (port 8080) — OK
[2026-06-06 23:50:02] ✅ File Manager (port 8081) — OK
[2026-06-06 23:50:02] ✅ Think Energy Leads (port 8088) — OK
[2026-06-06 23:50:02] ✅ Command Center (port 8090) — OK
[2026-06-06 23:50:02] ✅ Money / Budget (port 8091) — OK
[2026-06-06 23:50:02] ✅ CRM / Lead Portal (port 8092) — OK
[2026-06-06 23:50:02] ✅ Finance / Reports (port 8093) — OK
[2026-06-06 23:50:02] ✅ BFN / Blue Wednesday (port 8094) — OK
[2026-06-06 23:50:02] ✅ ComEd Dashboard (port 8095) — OK
[2026-06-06 23:50:02] ═══ Done. Down: 0, Restart fails: 0, Alerts: 0 ═══
[2026-06-06 23:55:01] ═══ Watchdog check started ═══
[2026-06-06 23:55:01] ✅ n8n Auto (port 5678) — OK
[2026-06-06 23:55:01] ✅ Energy Experts Board (port 8080) — OK
[2026-06-06 23:55:01] ✅ File Manager (port 8081) — OK
[2026-06-06 23:55:01] ✅ Think Energy Leads (port 8088) — OK
[2026-06-06 23:55:01] ✅ Command Center (port 8090) — OK
[2026-06-06 23:55:01] ✅ Money / Budget (port 8091) — OK
[2026-06-06 23:55:01] ✅ CRM / Lead Portal (port 8092) — OK
[2026-06-06 23:55:01] ✅ Finance / Reports (port 8093) — OK
[2026-06-06 23:55:01] ✅ BFN / Blue Wednesday (port 8094) — OK
[2026-06-06 23:55:01] ✅ ComEd Dashboard (port 8095) — OK
[2026-06-06 23:55:01] ═══ Done. Down: 0, Restart fails: 0, Alerts: 0 ═══
[2026-06-07 00:00:01] ═══ Watchdog check started ═══
[2026-06-07 00:00:01] ✅ n8n Auto (port 5678) — OK
[2026-06-07 00:00:01] ✅ Energy Experts Board (port 8080) — OK
[2026-06-07 00:00:01] ✅ File Manager (port 8081) — OK
[2026-06-07 00:00:01] ✅ Think Energy Leads (port 8088) — OK
[2026-06-07 00:00:01] ✅ Command Center (port 8090) — OK
[2026-06-07 00:00:01] ✅ Money / Budget (port 8091) — OK
[2026-06-07 00:00:01] ✅ CRM / Lead Portal (port 8092) — OK
[2026-06-07 00:00:01] ✅ Finance / Reports (port 8093) — OK
[2026-06-07 00:00:01] ✅ BFN / Blue Wednesday (port 8094) — OK
[2026-06-07 00:00:01] ✅ ComEd Dashboard (port 8095) — OK
[2026-06-07 00:00:01] ═══ Done. Down: 0, Restart fails: 0, Alerts: 0 ═══
[2026-06-07 00:05:01] ═══ Watchdog check started ═══
[2026-06-07 00:05:01] ✅ n8n Auto (port 5678) — OK
[2026-06-07 00:05:01] ✅ Energy Experts Board (port 8080) — OK
[2026-06-07 00:05:01] ✅ File Manager (port 8081) — OK
[2026-06-07 00:05:01] ✅ Think Energy Leads (port 8088) — OK
[2026-06-07 00:05:01] ✅ Command Center (port 8090) — OK
[2026-06-07 00:05:01] ✅ Money / Budget (port 8091) — OK
[2026-06-07 00:05:01] ✅ CRM / Lead Portal (port 8092) — OK
[2026-06-07 00:05:01] ✅ Finance / Reports (port 8093) — OK
[2026-06-07 00:05:01] ✅ BFN / Blue Wednesday (port 8094) — OK
[2026-06-07 00:05:01] ✅ ComEd Dashboard (port 8095) — OK
[2026-06-07 00:05:01] ═══ Done. Down: 0, Restart fails: 0, Alerts: 0 ═══
[2026-06-07 00:10:01] ═══ Watchdog check started ═══
[2026-06-07 00:10:01] ✅ n8n Auto (port 5678) — OK
[2026-06-07 00:10:01] ✅ Energy Experts Board (port 8080) — OK
[2026-06-07 00:10:01] ✅ File Manager (port 8081) — OK
[2026-06-07 00:10:01] ✅ Think Energy Leads (port 8088) — OK
[2026-06-07 00:10:01] ✅ Command Center (port 8090) — OK
[2026-06-07 00:10:01] ✅ Money / Budget (port 8091) — OK
[2026-06-07 00:10:01] ✅ CRM / Lead Portal (port 8092) — OK
[2026-06-07 00:10:01] ✅ Finance / Reports (port 8093) — OK
[2026-06-07 00:10:01] ✅ BFN / Blue Wednesday (port 8094) — OK
[2026-06-07 00:10:01] ✅ ComEd Dashboard (port 8095) — OK
[2026-06-07 00:10:01] ═══ Done. Down: 0, Restart fails: 0, Alerts: 0 ═══
[2026-06-07 00:15:02] ═══ Watchdog check started ═══
[2026-06-07 00:15:02] ✅ n8n Auto (port 5678) — OK
[2026-06-07 00:15:02] ✅ Energy Experts Board (port 8080) — OK
[2026-06-07 00:15:02] ✅ File Manager (port 8081) — OK
[2026-06-07 00:15:02] ✅ Think Energy Leads (port 8088) — OK
[2026-06-07 00:15:02] ✅ Command Center (port 8090) — OK
[2026-06-07 00:15:02] ✅ Money / Budget (port 8091) — OK
[2026-06-07 00:15:02] ✅ CRM / Lead Portal (port 8092) — OK
[2026-06-07 00:15:02] ✅ Finance / Reports (port 8093) — OK
[2026-06-07 00:15:02] ✅ BFN / Blue Wednesday (port 8094) — OK
[2026-06-07 00:15:02] ✅ ComEd Dashboard (port 8095) — OK
[2026-06-07 00:15:02] ═══ Done. Down: 0, Restart fails: 0, Alerts: 0 ═══
[2026-06-07 00:20:01] ═══ Watchdog check started ═══
[2026-06-07 00:20:01] ✅ n8n Auto (port 5678) — OK
[2026-06-07 00:20:01] ✅ Energy Experts Board (port 8080) — OK
[2026-06-07 00:20:01] ✅ File Manager (port 8081) — OK
[2026-06-07 00:20:01] ✅ Think Energy Leads (port 8088) — OK
[2026-06-07 00:20:01] ✅ Command Center (port 8090) — OK
[2026-06-07 00:20:01] ✅ Money / Budget (port 8091) — OK
[2026-06-07 00:20:01] ✅ CRM / Lead Portal (port 8092) — OK
[2026-06-07 00:20:01] ✅ Finance / Reports (port 8093) — OK
[2026-06-07 00:20:01] ✅ BFN / Blue Wednesday (port 8094) — OK
[2026-06-07 00:20:01] ✅ ComEd Dashboard (port 8095) — OK
[2026-06-07 00:20:01] ═══ Done. Down: 0, Restart fails: 0, Alerts: 0 ═══
[2026-06-07 00:25:01] ═══ Watchdog check started ═══
[2026-06-07 00:25:01] ✅ n8n Auto (port 5678) — OK
[2026-06-07 00:25:01] ✅ Energy Experts Board (port 8080) — OK
[2026-06-07 00:25:01] ✅ File Manager (port 8081) — OK
[2026-06-07 00:25:01] ✅ Think Energy Leads (port 8088) — OK
[2026-06-07 00:25:01] ✅ Command Center (port 8090) — OK
[2026-06-07 00:25:01] ✅ Money / Budget (port 8091) — OK
[2026-06-07 00:25:01] ✅ CRM / Lead Portal (port 8092) — OK
[2026-06-07 00:25:01] ✅ Finance / Reports (port 8093) — OK
[2026-06-07 00:25:01] ✅ BFN / Blue Wednesday (port 8094) — OK
[2026-06-07 00:25:01] ✅ ComEd Dashboard (port 8095) — OK
[2026-06-07 00:25:01] ═══ Done. Down: 0, Restart fails: 0, Alerts: 0 ═══
[2026-06-07 00:30:01] ═══ Watchdog check started ═══
[2026-06-07 00:30:01] ✅ n8n Auto (port 5678) — OK
[2026-06-07 00:30:01] ✅ Energy Experts Board (port 8080) — OK
[2026-06-07 00:30:01] ✅ File Manager (port 8081) — OK
[2026-06-07 00:30:01] ✅ Think Energy Leads (port 8088) — OK
[2026-06-07 00:30:01] ✅ Command Center (port 8090) — OK
[2026-06-07 00:30:01] ✅ Money / Budget (port 8091) — OK
[2026-06-07 00:30:01] ✅ CRM / Lead Portal (port 8092) — OK
[2026-06-07 00:30:01] ✅ Finance / Reports (port 8093) — OK
[2026-06-07 00:30:01] ✅ BFN / Blue Wednesday (port 8094) — OK
[2026-06-07 00:30:01] ✅ ComEd Dashboard (port 8095) — OK
[2026-06-07 00:30:01] ═══ Done. Down: 0, Restart fails: 0, Alerts: 0 ═══
[2026-06-07 00:35:01] ═══ Watchdog check started ═══
[2026-06-07 00:35:01] ✅ n8n Auto (port 5678) — OK
[2026-06-07 00:35:01] ✅ Energy Experts Board (port 8080) — OK
[2026-06-07 00:35:01] ✅ File Manager (port 8081) — OK
[2026-06-07 00:35:01] ✅ Think Energy Leads (port 8088) — OK
[2026-06-07 00:35:01] ✅ Command Center (port 8090) — OK
[2026-06-07 00:35:01] ✅ Money / Budget (port 8091) — OK
[2026-06-07 00:35:01] ✅ CRM / Lead Portal (port 8092) — OK
[2026-06-07 00:35:01] ✅ Finance / Reports (port 8093) — OK
[2026-06-07 00:35:01] ✅ BFN / Blue Wednesday (port 8094) — OK
[2026-06-07 00:35:01] ✅ ComEd Dashboard (port 8095) — OK
[2026-06-07 00:35:01] ═══ Done. Down: 0, Restart fails: 0, Alerts: 0 ═══
[2026-06-07 00:40:02] ═══ Watchdog check started ═══
[2026-06-07 00:40:02] ✅ n8n Auto (port 5678) — OK
[2026-06-07 00:40:02] ✅ Energy Experts Board (port 8080) — OK
[2026-06-07 00:40:02] ✅ File Manager (port 8081) — OK
[2026-06-07 00:40:02] ✅ Think Energy Leads (port 8088) — OK
[2026-06-07 00:40:02] ✅ Command Center (port 8090) — OK
[2026-06-07 00:40:02] ✅ Money / Budget (port 8091) — OK
[2026-06-07 00:40:02] ✅ CRM / Lead Portal (port 8092) — OK
[2026-06-07 00:40:02] ✅ Finance / Reports (port 8093) — OK
[2026-06-07 00:40:02] ✅ BFN / Blue Wednesday (port 8094) — OK
[2026-06-07 00:40:02] ✅ ComEd Dashboard (port 8095) — OK
[2026-06-07 00:40:02] ═══ Done. Down: 0, Restart fails: 0, Alerts: 0 ═══
[2026-06-07 00:45:01] ═══ Watchdog check started ═══
[2026-06-07 00:45:01] ✅ n8n Auto (port 5678) — OK
[2026-06-07 00:45:01] ✅ Energy Experts Board (port 8080) — OK
[2026-06-07 00:45:01] ✅ File Manager (port 8081) — OK
[2026-06-07 00:45:01] ✅ Think Energy Leads (port 8088) — OK
[2026-06-07 00:45:01] ✅ Command Center (port 8090) — OK
[2026-06-07 00:45:01] ✅ Money / Budget (port 8091) — OK
[2026-06-07 00:45:01] ✅ CRM / Lead Portal (port 8092) — OK
[2026-06-07 00:45:01] ✅ Finance / Reports (port 8093) — OK
[2026-06-07 00:45:01] ✅ BFN / Blue Wednesday (port 8094) — OK
[2026-06-07 00:45:01] ✅ ComEd Dashboard (port 8095) — OK
[2026-06-07 00:45:01] ═══ Done. Down: 0, Restart fails: 0, Alerts: 0 ═══
[2026-06-07 00:50:01] ═══ Watchdog check started ═══
[2026-06-07 00:50:01] ✅ n8n Auto (port 5678) — OK
[2026-06-07 00:50:01] ✅ Energy Experts Board (port 8080) — OK
[2026-06-07 00:50:01] ✅ File Manager (port 8081) — OK
[2026-06-07 00:50:01] ✅ Think Energy Leads (port 8088) — OK
[2026-06-07 00:50:01] ✅ Command Center (port 8090) — OK
[2026-06-07 00:50:01] ✅ Money / Budget (port 8091) — OK
[2026-06-07 00:50:01] ✅ CRM / Lead Portal (port 8092) — OK
[2026-06-07 00:50:01] ✅ Finance / Reports (port 8093) — OK
[2026-06-07 00:50:01] ✅ BFN / Blue Wednesday (port 8094) — OK
[2026-06-07 00:50:01] ✅ ComEd Dashboard (port 8095) — OK
[2026-06-07 00:50:01] ═══ Done. Down: 0, Restart fails: 0, Alerts: 0 ═══
[2026-06-07 00:55:01] ═══ Watchdog check started ═══
[2026-06-07 00:55:01] ✅ n8n Auto (port 5678) — OK
[2026-06-07 00:55:01] ✅ Energy Experts Board (port 8080) — OK
[2026-06-07 00:55:01] ✅ File Manager (port 8081) — OK
[2026-06-07 00:55:01] ✅ Think Energy Leads (port 8088) — OK
[2026-06-07 00:55:01] ✅ Command Center (port 8090) — OK
[2026-06-07 00:55:01] ✅ Money / Budget (port 8091) — OK
[2026-06-07 00:55:01] ✅ CRM / Lead Portal (port 8092) — OK
[2026-06-07 00:55:01] ✅ Finance / Reports (port 8093) — OK
[2026-06-07 00:55:01] ✅ BFN / Blue Wednesday (port 8094) — OK
[2026-06-07 00:55:01] ✅ ComEd Dashboard (port 8095) — OK
[2026-06-07 00:55:01] ═══ Done. Down: 0, Restart fails: 0, Alerts: 0 ═══
[2026-06-07 01:00:01] ═══ Watchdog check started ═══
[2026-06-07 01:00:01] ✅ n8n Auto (port 5678) — OK
[2026-06-07 01:00:01] ✅ Energy Experts Board (port 8080) — OK
[2026-06-07 01:00:01] ✅ File Manager (port 8081) — OK
[2026-06-07 01:00:01] ✅ Think Energy Leads (port 8088) — OK
[2026-06-07 01:00:01] ✅ Command Center (port 8090) — OK
[2026-06-07 01:00:01] ✅ Money / Budget (port 8091) — OK
[2026-06-07 01:00:01] ✅ CRM / Lead Portal (port 8092) — OK
[2026-06-07 01:00:01] ✅ Finance / Reports (port 8093) — OK
[2026-06-07 01:00:01] ✅ BFN / Blue Wednesday (port 8094) — OK
[2026-06-07 01:00:01] ✅ ComEd Dashboard (port 8095) — OK
[2026-06-07 01:00:01] ═══ Done. Down: 0, Restart fails: 0, Alerts: 0 ═══
[2026-06-07 01:05:02] ═══ Watchdog check started ═══
[2026-06-07 01:05:02] ✅ n8n Auto (port 5678) — OK
[2026-06-07 01:05:02] ✅ Energy Experts Board (port 8080) — OK
[2026-06-07 01:05:02] ✅ File Manager (port 8081) — OK
[2026-06-07 01:05:02] ✅ Think Energy Leads (port 8088) — OK
[2026-06-07 01:05:02] ✅ Command Center (port 8090) — OK
[2026-06-07 01:05:02] ✅ Money / Budget (port 8091) — OK
[2026-06-07 01:05:02] ✅ CRM / Lead Portal (port 8092) — OK
[2026-06-07 01:05:02] ✅ Finance / Reports (port 8093) — OK
[2026-06-07 01:05:02] ✅ BFN / Blue Wednesday (port 8094) — OK
[2026-06-07 01:05:02] ✅ ComEd Dashboard (port 8095) — OK
[2026-06-07 01:05:02] ═══ Done. Down: 0, Restart fails: 0, Alerts: 0 ═══
[2026-06-07 01:10:01] ═══ Watchdog check started ═══
[2026-06-07 01:10:01] ✅ n8n Auto (port 5678) — OK
[2026-06-07 01:10:01] ✅ Energy Experts Board (port 8080) — OK
[2026-06-07 01:10:01] ✅ File Manager (port 8081) — OK
[2026-06-07 01:10:01] ✅ Think Energy Leads (port 8088) — OK
[2026-06-07 01:10:01] ✅ Command Center (port 8090) — OK
[2026-06-07 01:10:01] ✅ Money / Budget (port 8091) — OK
[2026-06-07 01:10:01] ✅ CRM / Lead Portal (port 8092) — OK
[2026-06-07 01:10:01] ✅ Finance / Reports (port 8093) — OK
[2026-06-07 01:10:01] ✅ BFN / Blue Wednesday (port 8094) — OK
[2026-06-07 01:10:01] ✅ ComEd Dashboard (port 8095) — OK
[2026-06-07 01:10:01] ═══ Done. Down: 0, Restart fails: 0, Alerts: 0 ═══
[2026-06-07 01:15:01] ═══ Watchdog check started ═══
[2026-06-07 01:15:01] ✅ n8n Auto (port 5678) — OK
[2026-06-07 01:15:01] ✅ Energy Experts Board (port 8080) — OK
[2026-06-07 01:15:01] ✅ File Manager (port 8081) — OK
[2026-06-07 01:15:01] ✅ Think Energy Leads (port 8088) — OK
[2026-06-07 01:15:01] ✅ Command Center (port 8090) — OK
[2026-06-07 01:15:01] ✅ Money / Budget (port 8091) — OK
[2026-06-07 01:15:01] ✅ CRM / Lead Portal (port 8092) — OK
[2026-06-07 01:15:01] ✅ Finance / Reports (port 8093) — OK
[2026-06-07 01:15:01] ✅ BFN / Blue Wednesday (port 8094) — OK
[2026-06-07 01:15:01] ✅ ComEd Dashboard (port 8095) — OK
[2026-06-07 01:15:01] ═══ Done. Down: 0, Restart fails: 0, Alerts: 0 ═══
[2026-06-07 01:20:01] ═══ Watchdog check started ═══
[2026-06-07 01:20:01] ✅ n8n Auto (port 5678) — OK
[2026-06-07 01:20:01] ✅ Energy Experts Board (port 8080) — OK
[2026-06-07 01:20:01] ✅ File Manager (port 8081) — OK
[2026-06-07 01:20:01] ✅ Think Energy Leads (port 8088) — OK
[2026-06-07 01:20:01] ✅ Command Center (port 8090) — OK
[2026-06-07 01:20:01] ✅ Money / Budget (port 8091) — OK
[2026-06-07 01:20:01] ✅ CRM / Lead Portal (port 8092) — OK
[2026-06-07 01:20:01] ✅ Finance / Reports (port 8093) — OK
[2026-06-07 01:20:01] ✅ BFN / Blue Wednesday (port 8094) — OK
[2026-06-07 01:20:01] ✅ ComEd Dashboard (port 8095) — OK
[2026-06-07 01:20:01] ═══ Done. Down: 0, Restart fails: 0, Alerts: 0 ═══
[2026-06-07 01:25:01] ═══ Watchdog check started ═══
[2026-06-07 01:25:01] ✅ n8n Auto (port 5678) — OK
[2026-06-07 01:25:01] ✅ Energy Experts Board (port 8080) — OK
[2026-06-07 01:25:01] ✅ File Manager (port 8081) — OK
[2026-06-07 01:25:01] ✅ Think Energy Leads (port 8088) — OK
[2026-06-07 01:25:01] ✅ Command Center (port 8090) — OK
[2026-06-07 01:25:01] ✅ Money / Budget (port 8091) — OK
[2026-06-07 01:25:01] ✅ CRM / Lead Portal (port 8092) — OK
[2026-06-07 01:25:01] ✅ Finance / Reports (port 8093) — OK
[2026-06-07 01:25:01] ✅ BFN / Blue Wednesday (port 8094) — OK
[2026-06-07 01:25:01] ✅ ComEd Dashboard (port 8095) — OK
[2026-06-07 01:25:01] ═══ Done. Down: 0, Restart fails: 0, Alerts: 0 ═══
[2026-06-07 01:30:02] ═══ Watchdog check started ═══
[2026-06-07 01:30:02] ✅ n8n Auto (port 5678) — OK
[2026-06-07 01:30:02] ✅ Energy Experts Board (port 8080) — OK
[2026-06-07 01:30:02] ✅ File Manager (port 8081) — OK
[2026-06-07 01:30:02] ✅ Think Energy Leads (port 8088) — OK
[2026-06-07 01:30:02] ✅ Command Center (port 8090) — OK
[2026-06-07 01:30:02] ✅ Money / Budget (port 8091) — OK
[2026-06-07 01:30:02] ✅ CRM / Lead Portal (port 8092) — OK
[2026-06-07 01:30:02] ✅ Finance / Reports (port 8093) — OK
[2026-06-07 01:30:02] ✅ BFN / Blue Wednesday (port 8094) — OK
[2026-06-07 01:30:02] ✅ ComEd Dashboard (port 8095) — OK
[2026-06-07 01:30:02] ═══ Done. Down: 0, Restart fails: 0, Alerts: 0 ═══
[2026-06-07 01:35:01] ═══ Watchdog check started ═══
[2026-06-07 01:35:01] ✅ n8n Auto (port 5678) — OK
[2026-06-07 01:35:01] ✅ Energy Experts Board (port 8080) — OK
[2026-06-07 01:35:01] ✅ File Manager (port 8081) — OK
[2026-06-07 01:35:01] ✅ Think Energy Leads (port 8088) — OK
[2026-06-07 01:35:01] ✅ Command Center (port 8090) — OK
[2026-06-07 01:35:01] ✅ Money / Budget (port 8091) — OK
[2026-06-07 01:35:01] ✅ CRM / Lead Portal (port 8092) — OK
[2026-06-07 01:35:01] ✅ Finance / Reports (port 8093) — OK
[2026-06-07 01:35:01] ✅ BFN / Blue Wednesday (port 8094) — OK
[2026-06-07 01:35:01] ✅ ComEd Dashboard (port 8095) — OK
[2026-06-07 01:35:01] ═══ Done. Down: 0, Restart fails: 0, Alerts: 0 ═══
[2026-06-07 01:40:01] ═══ Watchdog check started ═══
[2026-06-07 01:40:01] ✅ n8n Auto (port 5678) — OK
[2026-06-07 01:40:01] ✅ Energy Experts Board (port 8080) — OK
[2026-06-07 01:40:01] ✅ File Manager (port 8081) — OK
[2026-06-07 01:40:01] ✅ Think Energy Leads (port 8088) — OK
[2026-06-07 01:40:01] ✅ Command Center (port 8090) — OK
[2026-06-07 01:40:01] ✅ Money / Budget (port 8091) — OK
[2026-06-07 01:40:01] ✅ CRM / Lead Portal (port 8092) — OK
[2026-06-07 01:40:01] ✅ Finance / Reports (port 8093) — OK
[2026-06-07 01:40:01] ✅ BFN / Blue Wednesday (port 8094) — OK
[2026-06-07 01:40:01] ✅ ComEd Dashboard (port 8095) — OK
[2026-06-07 01:40:01] ═══ Done. Down: 0, Restart fails: 0, Alerts: 0 ═══
[2026-06-07 01:45:01] ═══ Watchdog check started ═══
[2026-06-07 01:45:01] ✅ n8n Auto (port 5678) — OK
[2026-06-07 01:45:01] ✅ Energy Experts Board (port 8080) — OK
[2026-06-07 01:45:01] ✅ File Manager (port 8081) — OK
[2026-06-07 01:45:01] ✅ Think Energy Leads (port 8088) — OK
[2026-06-07 01:45:01] ✅ Command Center (port 8090) — OK
[2026-06-07 01:45:01] ✅ Money / Budget (port 8091) — OK
[2026-06-07 01:45:01] ✅ CRM / Lead Portal (port 8092) — OK
[2026-06-07 01:45:01] ✅ Finance / Reports (port 8093) — OK
[2026-06-07 01:45:01] ✅ BFN / Blue Wednesday (port 8094) — OK
[2026-06-07 01:45:01] ✅ ComEd Dashboard (port 8095) — OK
[2026-06-07 01:45:01] ═══ Done. Down: 0, Restart fails: 0, Alerts: 0 ═══
[2026-06-07 01:50:01] ═══ Watchdog check started ═══
[2026-06-07 01:50:01] ✅ n8n Auto (port 5678) — OK
[2026-06-07 01:50:01] ✅ Energy Experts Board (port 8080) — OK
[2026-06-07 01:50:01] ✅ File Manager (port 8081) — OK
[2026-06-07 01:50:01] ✅ Think Energy Leads (port 8088) — OK
[2026-06-07 01:50:01] ✅ Command Center (port 8090) — OK
[2026-06-07 01:50:01] ✅ Money / Budget (port 8091) — OK
[2026-06-07 01:50:01] ✅ CRM / Lead Portal (port 8092) — OK
[2026-06-07 01:50:01] ✅ Finance / Reports (port 8093) — OK
[2026-06-07 01:50:01] ✅ BFN / Blue Wednesday (port 8094) — OK
[2026-06-07 01:50:01] ✅ ComEd Dashboard (port 8095) — OK
[2026-06-07 01:50:01] ═══ Done. Down: 0, Restart fails: 0, Alerts: 0 ═══
[2026-06-07 01:55:02] ═══ Watchdog check started ═══
[2026-06-07 01:55:02] ✅ n8n Auto (port 5678) — OK
[2026-06-07 01:55:02] ✅ Energy Experts Board (port 8080) — OK
[2026-06-07 01:55:02] ✅ File Manager (port 8081) — OK
[2026-06-07 01:55:02] ✅ Think Energy Leads (port 8088) — OK
[2026-06-07 01:55:02] ✅ Command Center (port 8090) — OK
[2026-06-07 01:55:02] ✅ Money / Budget (port 8091) — OK
[2026-06-07 01:55:02] ✅ CRM / Lead Portal (port 8092) — OK
[2026-06-07 01:55:02] ✅ Finance / Reports (port 8093) — OK
[2026-06-07 01:55:02] ✅ BFN / Blue Wednesday (port 8094) — OK
[2026-06-07 01:55:02] ✅ ComEd Dashboard (port 8095) — OK
[2026-06-07 01:55:02] ═══ Done. Down: 0, Restart fails: 0, Alerts: 0 ═══
