[2026-06-14 00:05:01] 🐕 Blacktech Watchdog check started
[2026-06-14 00:05:01] ⚠️  Blockchain Listener is DOWN (script: scripts/blockchain_listener.py)
[2026-06-14 00:05:01] 🔄 Restarted Blockchain Listener
[2026-06-14 00:05:02] ⚠️  Leads is DOWN (script: lead_intake_bot.py)
[2026-06-14 00:05:02] 🔄 Restarted Leads
[2026-06-14 00:05:02] ❌ 2/8 daemons down — restarts attempted
[2026-06-14 00:10:01] 🐕 Blacktech Watchdog check started
[2026-06-14 00:10:01] ⚠️  Blockchain Listener is DOWN (script: scripts/blockchain_listener.py)
[2026-06-14 00:10:01] 🔄 Restarted Blockchain Listener
[2026-06-14 00:10:01] ⚠️  Leads is DOWN (script: lead_intake_bot.py)
[2026-06-14 00:10:01] 🔄 Restarted Leads
[2026-06-14 00:10:01] ❌ 2/8 daemons down — restarts attempted
[2026-06-14 00:15:01] 🐕 Blacktech Watchdog check started
[2026-06-14 00:15:01] ⚠️  Blockchain Listener is DOWN (script: scripts/blockchain_listener.py)
[2026-06-14 00:15:01] 🔄 Restarted Blockchain Listener
[2026-06-14 00:15:01] ⚠️  Leads is DOWN (script: lead_intake_bot.py)
[2026-06-14 00:15:01] 🔄 Restarted Leads
[2026-06-14 00:15:01] ❌ 2/8 daemons down — restarts attempted
[2026-06-14 00:20:01] 🐕 Blacktech Watchdog check started
[2026-06-14 00:20:01] ⚠️  Blockchain Listener is DOWN (script: scripts/blockchain_listener.py)
[2026-06-14 00:20:01] 🔄 Restarted Blockchain Listener
[2026-06-14 00:20:01] ⚠️  Leads is DOWN (script: lead_intake_bot.py)
[2026-06-14 00:20:01] 🔄 Restarted Leads
[2026-06-14 00:20:01] ❌ 2/8 daemons down — restarts attempted
[2026-06-14 00:25:01] 🐕 Blacktech Watchdog check started
[2026-06-14 00:25:01] ⚠️  Blockchain Listener is DOWN (script: scripts/blockchain_listener.py)
[2026-06-14 00:25:01] 🔄 Restarted Blockchain Listener
[2026-06-14 00:25:01] ⚠️  Leads is DOWN (script: lead_intake_bot.py)
[2026-06-14 00:25:01] 🔄 Restarted Leads
[2026-06-14 00:25:01] ❌ 2/8 daemons down — restarts attempted
[2026-06-14 00:30:01] 🐕 Blacktech Watchdog check started
[2026-06-14 00:30:02] ⚠️  Blockchain Listener is DOWN (script: scripts/blockchain_listener.py)
[2026-06-14 00:30:02] 🔄 Restarted Blockchain Listener
[2026-06-14 00:30:02] ⚠️  Leads is DOWN (script: lead_intake_bot.py)
[2026-06-14 00:30:02] 🔄 Restarted Leads
[2026-06-14 00:30:02] ❌ 2/8 daemons down — restarts attempted
[2026-06-14 00:35:01] 🐕 Blacktech Watchdog check started
[2026-06-14 00:35:01] ⚠️  Blockchain Listener is DOWN (script: scripts/blockchain_listener.py)
[2026-06-14 00:35:01] 🔄 Restarted Blockchain Listener
[2026-06-14 00:35:01] ⚠️  Leads is DOWN (script: lead_intake_bot.py)
[2026-06-14 00:35:01] 🔄 Restarted Leads
[2026-06-14 00:35:01] ❌ 2/8 daemons down — restarts attempted
[2026-06-14 00:40:01] 🐕 Blacktech Watchdog check started
[2026-06-14 00:40:01] ⚠️  Blockchain Listener is DOWN (script: scripts/blockchain_listener.py)
[2026-06-14 00:40:01] 🔄 Restarted Blockchain Listener
[2026-06-14 00:40:01] ⚠️  Leads is DOWN (script: lead_intake_bot.py)
[2026-06-14 00:40:01] 🔄 Restarted Leads
[2026-06-14 00:40:01] ❌ 2/8 daemons down — restarts attempted
[2026-06-14 00:45:01] 🐕 Blacktech Watchdog check started
[2026-06-14 00:45:01] ⚠️  Blockchain Listener is DOWN (script: scripts/blockchain_listener.py)
[2026-06-14 00:45:01] 🔄 Restarted Blockchain Listener
[2026-06-14 00:45:01] ⚠️  Leads is DOWN (script: lead_intake_bot.py)
[2026-06-14 00:45:01] 🔄 Restarted Leads
[2026-06-14 00:45:01] ❌ 2/8 daemons down — restarts attempted
[2026-06-14 00:50:01] 🐕 Blacktech Watchdog check started
[2026-06-14 00:50:01] ⚠️  Blockchain Listener is DOWN (script: scripts/blockchain_listener.py)
[2026-06-14 00:50:01] 🔄 Restarted Blockchain Listener
[2026-06-14 00:50:01] ⚠️  Leads is DOWN (script: lead_intake_bot.py)
[2026-06-14 00:50:01] 🔄 Restarted Leads
[2026-06-14 00:50:01] ❌ 2/8 daemons down — restarts attempted
[2026-06-14 00:55:01] 🐕 Blacktech Watchdog check started
[2026-06-14 00:55:02] ⚠️  Blockchain Listener is DOWN (script: scripts/blockchain_listener.py)
[2026-06-14 00:55:02] 🔄 Restarted Blockchain Listener
[2026-06-14 00:55:02] ⚠️  Leads is DOWN (script: lead_intake_bot.py)
[2026-06-14 00:55:02] 🔄 Restarted Leads
[2026-06-14 00:55:02] ❌ 2/8 daemons down — restarts attempted
[2026-06-14 01:00:01] 🐕 Blacktech Watchdog check started
[2026-06-14 01:00:01] ⚠️  Blockchain Listener is DOWN (script: scripts/blockchain_listener.py)
[2026-06-14 01:00:01] 🔄 Restarted Blockchain Listener
[2026-06-14 01:00:01] ⚠️  Leads is DOWN (script: lead_intake_bot.py)
[2026-06-14 01:00:01] 🔄 Restarted Leads
[2026-06-14 01:00:01] ❌ 2/8 daemons down — restarts attempted
[2026-06-14 01:05:01] 🐕 Blacktech Watchdog check started
[2026-06-14 01:05:01] ⚠️  Blockchain Listener is DOWN (script: scripts/blockchain_listener.py)
[2026-06-14 01:05:01] 🔄 Restarted Blockchain Listener
[2026-06-14 01:05:01] ⚠️  Leads is DOWN (script: lead_intake_bot.py)
[2026-06-14 01:05:01] 🔄 Restarted Leads
[2026-06-14 01:05:01] ❌ 2/8 daemons down — restarts attempted
[2026-06-14 01:10:01] 🐕 Blacktech Watchdog check started
[2026-06-14 01:10:01] ⚠️  Blockchain Listener is DOWN (script: scripts/blockchain_listener.py)
[2026-06-14 01:10:01] 🔄 Restarted Blockchain Listener
[2026-06-14 01:10:01] ⚠️  Leads is DOWN (script: lead_intake_bot.py)
[2026-06-14 01:10:01] 🔄 Restarted Leads
[2026-06-14 01:10:01] ❌ 2/8 daemons down — restarts attempted
[2026-06-14 01:15:01] 🐕 Blacktech Watchdog check started
[2026-06-14 01:15:01] ⚠️  Blockchain Listener is DOWN (script: scripts/blockchain_listener.py)
[2026-06-14 01:15:01] 🔄 Restarted Blockchain Listener
[2026-06-14 01:15:01] ⚠️  Leads is DOWN (script: lead_intake_bot.py)
[2026-06-14 01:15:01] 🔄 Restarted Leads
[2026-06-14 01:15:01] ❌ 2/8 daemons down — restarts attempted
[2026-06-14 01:20:01] 🐕 Blacktech Watchdog check started
[2026-06-14 01:20:02] ⚠️  Blockchain Listener is DOWN (script: scripts/blockchain_listener.py)
[2026-06-14 01:20:02] 🔄 Restarted Blockchain Listener
[2026-06-14 01:20:02] ⚠️  Leads is DOWN (script: lead_intake_bot.py)
[2026-06-14 01:20:02] 🔄 Restarted Leads
[2026-06-14 01:20:02] ❌ 2/8 daemons down — restarts attempted
[2026-06-14 01:25:01] 🐕 Blacktech Watchdog check started
[2026-06-14 01:25:01] ⚠️  Blockchain Listener is DOWN (script: scripts/blockchain_listener.py)
[2026-06-14 01:25:01] 🔄 Restarted Blockchain Listener
[2026-06-14 01:25:01] ⚠️  Leads is DOWN (script: lead_intake_bot.py)
[2026-06-14 01:25:01] 🔄 Restarted Leads
[2026-06-14 01:25:01] ❌ 2/8 daemons down — restarts attempted
[2026-06-14 01:30:01] 🐕 Blacktech Watchdog check started
[2026-06-14 01:30:01] ⚠️  Blockchain Listener is DOWN (script: scripts/blockchain_listener.py)
[2026-06-14 01:30:01] 🔄 Restarted Blockchain Listener
[2026-06-14 01:30:01] ⚠️  Leads is DOWN (script: lead_intake_bot.py)
[2026-06-14 01:30:01] 🔄 Restarted Leads
[2026-06-14 01:30:02] ❌ 2/8 daemons down — restarts attempted
[2026-06-14 01:35:01] 🐕 Blacktech Watchdog check started
[2026-06-14 01:35:01] ⚠️  Blockchain Listener is DOWN (script: scripts/blockchain_listener.py)
[2026-06-14 01:35:01] 🔄 Restarted Blockchain Listener
[2026-06-14 01:35:01] ⚠️  Leads is DOWN (script: lead_intake_bot.py)
[2026-06-14 01:35:01] 🔄 Restarted Leads
[2026-06-14 01:35:01] ❌ 2/8 daemons down — restarts attempted
[2026-06-14 01:40:01] 🐕 Blacktech Watchdog check started
[2026-06-14 01:40:01] ⚠️  Blockchain Listener is DOWN (script: scripts/blockchain_listener.py)
[2026-06-14 01:40:01] 🔄 Restarted Blockchain Listener
[2026-06-14 01:40:01] ⚠️  Leads is DOWN (script: lead_intake_bot.py)
[2026-06-14 01:40:01] 🔄 Restarted Leads
[2026-06-14 01:40:01] ❌ 2/8 daemons down — restarts attempted
[2026-06-14 01:45:01] 🐕 Blacktech Watchdog check started
[2026-06-14 01:45:01] ⚠️  Blockchain Listener is DOWN (script: scripts/blockchain_listener.py)
[2026-06-14 01:45:01] 🔄 Restarted Blockchain Listener
[2026-06-14 01:45:01] ⚠️  Leads is DOWN (script: lead_intake_bot.py)
[2026-06-14 01:45:01] 🔄 Restarted Leads
[2026-06-14 01:45:01] ❌ 2/8 daemons down — restarts attempted
[2026-06-14 01:50:01] 🐕 Blacktech Watchdog check started
[2026-06-14 01:50:01] ⚠️  Blockchain Listener is DOWN (script: scripts/blockchain_listener.py)
[2026-06-14 01:50:01] 🔄 Restarted Blockchain Listener
[2026-06-14 01:50:01] ⚠️  Leads is DOWN (script: lead_intake_bot.py)
[2026-06-14 01:50:01] 🔄 Restarted Leads
[2026-06-14 01:50:01] ❌ 2/8 daemons down — restarts attempted
[2026-06-14 01:55:01] 🐕 Blacktech Watchdog check started
[2026-06-14 01:55:02] ⚠️  Blockchain Listener is DOWN (script: scripts/blockchain_listener.py)
[2026-06-14 01:55:02] 🔄 Restarted Blockchain Listener
[2026-06-14 01:55:02] ⚠️  Leads is DOWN (script: lead_intake_bot.py)
[2026-06-14 01:55:02] 🔄 Restarted Leads
[2026-06-14 01:55:02] ❌ 2/8 daemons down — restarts attempted
[2026-06-14 02:00:01] 🐕 Blacktech Watchdog check started
[2026-06-14 02:00:01] ⚠️  Blockchain Listener is DOWN (script: scripts/blockchain_listener.py)
[2026-06-14 02:00:01] 🔄 Restarted Blockchain Listener
[2026-06-14 02:00:01] ⚠️  Leads is DOWN (script: lead_intake_bot.py)
[2026-06-14 02:00:01] 🔄 Restarted Leads
[2026-06-14 02:00:01] ❌ 2/8 daemons down — restarts attempted
