/home/allenai/ssbn_server.py:6: DeprecationWarning: 'cgi' is deprecated and slated for removal in Python 3.13
  import http.server, socketserver, os, json, sqlite3, urllib.parse, threading, time, uuid, cgi, glob, hashlib, secrets, subprocess
Traceback (most recent call last):
  File "/home/allenai/ssbn_server.py", line 1282, in <module>
    with ReuseServer(('0.0.0.0', PORT), Handler) as httpd:
         ^^^^^^^^^^^^^^^^^^^^^^^^^^^^^^^^^^^^^^^
  File "/usr/lib/python3.11/socketserver.py", line 456, in __init__
    self.server_bind()
  File "/usr/lib/python3.11/socketserver.py", line 472, in server_bind
    self.socket.bind(self.server_address)
OSError: [Errno 98] Address already in use
/home/allenai/ssbn_server.py:6: DeprecationWarning: 'cgi' is deprecated and slated for removal in Python 3.13
  import http.server, socketserver, os, json, sqlite3, urllib.parse, threading, time, uuid, cgi, glob, hashlib, secrets, subprocess
Traceback (most recent call last):
  File "/home/allenai/ssbn_server.py", line 1282, in <module>
    with ReuseServer(('0.0.0.0', PORT), Handler) as httpd:
         ^^^^^^^^^^^^^^^^^^^^^^^^^^^^^^^^^^^^^^^
  File "/usr/lib/python3.11/socketserver.py", line 456, in __init__
    self.server_bind()
  File "/usr/lib/python3.11/socketserver.py", line 472, in server_bind
    self.socket.bind(self.server_address)
OSError: [Errno 98] Address already in use
/home/allenai/ssbn_server.py:6: DeprecationWarning: 'cgi' is deprecated and slated for removal in Python 3.13
  import http.server, socketserver, os, json, sqlite3, urllib.parse, threading, time, uuid, cgi, glob, hashlib, secrets, subprocess
South Side Business Network running on port 8099
/home/allenai/ssbn_server.py:6: DeprecationWarning: 'cgi' is deprecated and slated for removal in Python 3.13
  import http.server, socketserver, os, json, sqlite3, urllib.parse, threading, time, uuid, cgi, glob, hashlib, secrets, subprocess
Traceback (most recent call last):
  File "/home/allenai/ssbn_server.py", line 1282, in <module>
    with ReuseServer(('0.0.0.0', PORT), Handler) as httpd:
         ^^^^^^^^^^^^^^^^^^^^^^^^^^^^^^^^^^^^^^^
  File "/usr/lib/python3.11/socketserver.py", line 456, in __init__
    self.server_bind()
  File "/usr/lib/python3.11/socketserver.py", line 472, in server_bind
    self.socket.bind(self.server_address)
OSError: [Errno 98] Address already in use
/home/allenai/ssbn_server.py:6: DeprecationWarning: 'cgi' is deprecated and slated for removal in Python 3.13
  import http.server, socketserver, os, json, sqlite3, urllib.parse, threading, time, uuid, cgi, glob, hashlib, secrets, subprocess
South Side Business Network running on port 8099
/home/allenai/ssbn_server.py:6: DeprecationWarning: 'cgi' is deprecated and slated for removal in Python 3.13
  import http.server, socketserver, os, json, sqlite3, urllib.parse, threading, time, uuid, cgi, glob, hashlib, secrets, subprocess
South Side Business Network running on port 8099
/home/allenai/ssbn_server.py:6: DeprecationWarning: 'cgi' is deprecated and slated for removal in Python 3.13
  import http.server, socketserver, os, json, sqlite3, urllib.parse, threading, time, uuid, cgi, glob, hashlib, secrets, subprocess
South Side Business Network running on port 8099
