[Sat May 16 09:22:06 AM CDT 2026] Lease monitor: Captured at 20260516_092206
[Sat May 16 09:25:13 AM CDT 2026] Lease monitor: Captured at 20260516_092513
[Sat May 16 09:25:37 AM CDT 2026] Lease monitor: Captured at 20260516_092537
[Sat May 16 09:27:57 AM CDT 2026] Lease monitor: Captured at 20260516_092757
[Sat May 16 09:32:10 AM CDT 2026] BAD ACTIVITY DETECTED! Alert saved to /home/allenai/Documents/BlackTech-Security/PiHole/alerts/2026-05-16/ALERT_20260516_093210.txt
[Sat May 16 09:33:36 AM CDT 2026] BAD ACTIVITY DETECTED! Alert saved to /home/allenai/Documents/BlackTech-Security/PiHole/alerts/2026-05-16/ALERT_20260516_093336.txt
[Sat May 16 09:34:58 AM CDT 2026] BAD ACTIVITY DETECTED! Alert saved to /home/allenai/Documents/BlackTech-Security/PiHole/alerts/2026-05-16/ALERT_20260516_093458.txt
[Sat May 16 09:35:07 AM CDT 2026] Lease monitor: Captured at 20260516_093507
[Sat May 16 09:37:08 AM CDT 2026] BAD ACTIVITY DETECTED! Alert saved to /home/allenai/Documents/BlackTech-Security/PiHole/alerts/2026-05-16/ALERT_20260516_093708.txt
[Sat May 16 09:38:33 AM CDT 2026] BAD ACTIVITY DETECTED! Alert saved to /home/allenai/Documents/BlackTech-Security/PiHole/alerts/2026-05-16/ALERT_20260516_093833.txt
[Sat May 16 09:39:53 AM CDT 2026] BAD ACTIVITY DETECTED! Alert saved to /home/allenai/Documents/BlackTech-Security/PiHole/alerts/2026-05-16/ALERT_20260516_093953.txt
[Sat May 16 09:41:17 AM CDT 2026] BAD ACTIVITY DETECTED! Alert saved to /home/allenai/Documents/BlackTech-Security/PiHole/alerts/2026-05-16/ALERT_20260516_094117.txt
[Sat May 16 09:41:32 AM CDT 2026] Lease monitor: Captured at 20260516_094132
[Sat May 16 09:43:17 AM CDT 2026] BAD ACTIVITY DETECTED! Alert saved to /home/allenai/Documents/BlackTech-Security/PiHole/alerts/2026-05-16/ALERT_20260516_094317.txt
[Sat May 16 09:44:42 AM CDT 2026] BAD ACTIVITY DETECTED! Alert saved to /home/allenai/Documents/BlackTech-Security/PiHole/alerts/2026-05-16/ALERT_20260516_094442.txt
[Sat May 16 09:46:04 AM CDT 2026] BAD ACTIVITY DETECTED! Alert saved to /home/allenai/Documents/BlackTech-Security/PiHole/alerts/2026-05-16/ALERT_20260516_094603.txt
[Sat May 16 09:47:20 AM CDT 2026] BAD ACTIVITY DETECTED! Alert saved to /home/allenai/Documents/BlackTech-Security/PiHole/alerts/2026-05-16/ALERT_20260516_094720.txt
[Sat May 16 09:47:32 AM CDT 2026] Lease monitor: Captured at 20260516_094732
[Sat May 16 09:49:23 AM CDT 2026] BAD ACTIVITY DETECTED! Alert saved to /home/allenai/Documents/BlackTech-Security/PiHole/alerts/2026-05-16/ALERT_20260516_094923.txt
[Sat May 16 09:50:20 AM CDT 2026] Clean scan - no threats detected
[Sat May 16 09:50:49 AM CDT 2026] Clean scan - no threats detected
[Sat May 16 09:51:36 AM CDT 2026] Scan complete. Devices: 0 | Blocked: 0
[Sat May 16 09:51:54 AM CDT 2026] Scan complete. Devices: 0 | Blocked: 0
[Sat May 16 09:52:58 AM CDT 2026] Scan complete. Devices: 0 | Blocked: 0
[Sat May 16 09:54:03 AM CDT 2026] Scan complete. Devices: 0 | Blocked: 0
[Sat May 16 09:54:28 AM CDT 2026] Lease monitor: Captured at 20260516_095428
[Sat May 16 09:56:35 AM CDT 2026] Scan complete. Devices: 0 | Blocked: 0
[Sat May 16 09:57:47 AM CDT 2026] Scan complete. Devices: 0 | Blocked: 0
[Sat May 16 09:58:58 AM CDT 2026] Scan complete. Devices: 0 | Blocked: 0
[Sat May 16 10:00:02 AM CDT 2026] Scan complete. Devices: 0 | Blocked: 0
[Sat May 16 10:01:59 AM CDT 2026] Scan complete. Devices: 0 | Blocked: 0
[Sat May 16 10:02:05 AM CDT 2026] Lease monitor: Captured at 20260516_100205
[Sat May 16 10:06:32 AM CDT 2026] Scan complete. Devices: 0 | Blocked: 0
[Sat May 16 10:07:42 AM CDT 2026] Scan complete. Devices: 0 | Blocked: 0
[Sat May 16 10:08:52 AM CDT 2026] Scan complete. Devices: 0 | Blocked: 0
[Sat May 16 10:09:56 AM CDT 2026] Scan complete. Devices: 0 | Blocked: 0
[Sat May 16 10:10:08 AM CDT 2026] Lease monitor: Captured at 20260516_101008
[Sat May 16 10:12:04 AM CDT 2026] Scan complete. Devices: 0 | Blocked: 0
[Sat May 16 10:12:09 AM CDT 2026] Scan complete. Devices: 0 | Blocked: 0
[Sat May 16 10:13:21 AM CDT 2026] Scan complete. Devices: 0 | Blocked: 0
[Sat May 16 10:15:04 AM CDT 2026] Scan complete. Devices: 0 | Blocked: 0
[Sat May 16 10:16:11 AM CDT 2026] Scan complete. Devices: 0 | Blocked: 0
[Sat May 16 10:16:15 AM CDT 2026] Lease monitor: Captured at 20260516_101615
[Sat May 16 10:17:53 AM CDT 2026] Scan complete. Devices: 0 | Blocked: 0
[Sat May 16 10:19:59 AM CDT 2026] Scan complete. Devices: 0 | Blocked: 0
[Sat May 16 10:21:19 AM CDT 2026] Scan complete. Devices: 0 | Blocked: 0
[Sat May 16 10:22:39 AM CDT 2026] Scan complete. Devices: 0 | Blocked: 0
[Sat May 16 10:22:39 AM CDT 2026] Lease monitor: Captured at 20260516_102239
[Sat May 16 10:24:25 AM CDT 2026] Scan complete. Devices: 0 | Blocked: 0
[Sat May 16 10:25:31 AM CDT 2026] Scan complete. Devices: 0 | Blocked: 0
[Sat May 16 10:26:48 AM CDT 2026] Scan complete. Devices: 0 | Blocked: 0
[Sat May 16 10:28:00 AM CDT 2026] Scan complete. Devices: 0 | Blocked: 0
[Sat May 16 10:29:05 AM CDT 2026] Scan complete. Devices: 0 | Blocked: 0
[Sat May 16 10:29:13 AM CDT 2026] Lease monitor: Captured at 20260516_102913
[Sat May 16 10:32:43 AM CDT 2026] Scan complete. Devices: 0 | Blocked: 0
[Sat May 16 10:33:49 AM CDT 2026] Scan complete. Devices: 0 | Blocked: 0
[Sat May 16 10:35:35 AM CDT 2026] Scan complete. Devices: 0 | Blocked: 0
[Sat May 16 10:36:42 AM CDT 2026] Scan complete. Devices: 0 | Blocked: 0
[Sat May 16 10:37:48 AM CDT 2026] Scan complete. Devices: 0 | Blocked: 0
[Sat May 16 10:37:56 AM CDT 2026] Lease monitor: Captured at 20260516_103756
[Sat May 16 10:39:23 AM CDT 2026] Scan complete. Devices: 0 | Blocked: 0
[Sat May 16 10:40:29 AM CDT 2026] Scan complete. Devices: 0 | Blocked: 0
[Sat May 16 10:41:34 AM CDT 2026] Scan complete. Devices: 0 | Blocked: 0
[Sat May 16 10:42:39 AM CDT 2026] Scan complete. Devices: 0 | Blocked: 0
[Sat May 16 10:43:52 AM CDT 2026] Scan complete. Devices: 0 | Blocked: 0
[Sat May 16 10:44:08 AM CDT 2026] Lease monitor: Captured at 20260516_104408
[Sat May 16 10:46:02 AM CDT 2026] Scan complete. Devices: 0 | Blocked: 0
[Sat May 16 10:47:09 AM CDT 2026] Scan complete. Devices: 0 | Blocked: 0
[Sat May 16 10:49:11 AM CDT 2026] Scan complete. Devices: 0 | Blocked: 0
[Sat May 16 10:50:17 AM CDT 2026] Scan complete. Devices: 0 | Blocked: 0
[Sat May 16 10:50:24 AM CDT 2026] Lease monitor: Captured at 20260516_105024
[Sat May 16 10:51:53 AM CDT 2026] Scan complete. Devices: 0 | Blocked: 0
[Sat May 16 10:53:02 AM CDT 2026] Scan complete. Devices: 0 | Blocked: 0
[Sat May 16 10:54:12 AM CDT 2026] Scan complete. Devices: 0 | Blocked: 0
[Sat May 16 10:55:19 AM CDT 2026] Scan complete. Devices: 0 | Blocked: 0
[Sat May 16 10:56:28 AM CDT 2026] Scan complete. Devices: 0 | Blocked: 0
[Sat May 16 10:56:31 AM CDT 2026] Lease monitor: Captured at 20260516_105631
[Sat May 16 10:59:12 AM CDT 2026] Scan complete. Devices: 0 | Blocked: 0
[Sat May 16 11:07:23 AM CDT 2026] Scan complete. Devices: 0 | Blocked: 0
[Sat May 16 11:09:16 AM CDT 2026] Scan complete. Devices: 0 | Blocked: 0
[Sat May 16 11:10:39 AM CDT 2026] Scan complete. Devices: 0 | Blocked: 0
[Sat May 16 11:12:36 AM CDT 2026] Scan complete. Devices: 0 | Blocked: 0
[Sat May 16 11:13:41 AM CDT 2026] Scan complete. Devices: 0 | Blocked: 0
[Sat May 16 11:14:46 AM CDT 2026] Scan complete. Devices: 0 | Blocked: 0
[Sat May 16 11:14:58 AM CDT 2026] Lease monitor: Captured at 20260516_111458
[Sat May 16 11:16:31 AM CDT 2026] Scan complete. Devices: 0 | Blocked: 0
[Sat May 16 11:17:36 AM CDT 2026] Scan complete. Devices: 0 | Blocked: 0
[Sat May 16 11:18:43 AM CDT 2026] Scan complete. Devices: 0 | Blocked: 0
[Sat May 16 11:19:50 AM CDT 2026] Scan complete. Devices: 0 | Blocked: 0
[Sat May 16 11:20:59 AM CDT 2026] Scan complete. Devices: 0 | Blocked: 0
[Sat May 16 11:21:18 AM CDT 2026] Lease monitor: Captured at 20260516_112118
[Sat May 16 11:22:58 AM CDT 2026] Scan complete. Devices: 0 | Blocked: 0
[Sat May 16 11:24:04 AM CDT 2026] Scan complete. Devices: 0 | Blocked: 0
[Sat May 16 11:25:09 AM CDT 2026] Scan complete. Devices: 0 | Blocked: 0
[Sat May 16 11:26:19 AM CDT 2026] Scan complete. Devices: 0 | Blocked: 0
[Sat May 16 11:27:24 AM CDT 2026] Scan complete. Devices: 0 | Blocked: 0
[Sat May 16 11:27:31 AM CDT 2026] Lease monitor: Captured at 20260516_112730
[Sat May 16 11:28:52 AM CDT 2026] Scan complete. Devices: 0 | Blocked: 0
[Sat May 16 11:29:59 AM CDT 2026] Scan complete. Devices: 0 | Blocked: 0
[Sat May 16 11:31:04 AM CDT 2026] Scan complete. Devices: 0 | Blocked: 0
[Sat May 16 11:33:11 AM CDT 2026] Scan complete. Devices: 0 | Blocked: 0
[Sat May 16 11:33:15 AM CDT 2026] Lease monitor: Captured at 20260516_113315
[Sat May 16 11:34:33 AM CDT 2026] Scan complete. Devices: 0 | Blocked: 0
[Sat May 16 11:35:38 AM CDT 2026] Scan complete. Devices: 0 | Blocked: 0
[Sat May 16 11:36:43 AM CDT 2026] Scan complete. Devices: 0 | Blocked: 0
[Sat May 16 11:37:49 AM CDT 2026] Scan complete. Devices: 0 | Blocked: 0
[Sat May 16 11:39:35 AM CDT 2026] Scan complete. Devices: 0 | Blocked: 0
[Sat May 16 11:39:45 AM CDT 2026] Lease monitor: Captured at 20260516_113945
[Sat May 16 11:41:08 AM CDT 2026] Scan complete. Devices: 0 | Blocked: 0
[Sat May 16 11:42:13 AM CDT 2026] Scan complete. Devices: 0 | Blocked: 0
[Sat May 16 11:43:18 AM CDT 2026] Scan complete. Devices: 0 | Blocked: 0
[Sat May 16 11:44:22 AM CDT 2026] Scan complete. Devices: 0 | Blocked: 0
[Sat May 16 11:45:27 AM CDT 2026] Scan complete. Devices: 0 | Blocked: 0
[Sat May 16 11:45:39 AM CDT 2026] Lease monitor: Captured at 20260516_114539
[Sat May 16 11:47:46 AM CDT 2026] Scan complete. Devices: 0 | Blocked: 0
[Sat May 16 11:48:51 AM CDT 2026] Scan complete. Devices: 0 | Blocked: 0
[Sat May 16 11:49:57 AM CDT 2026] Scan complete. Devices: 0 | Blocked: 0
[Sat May 16 11:50:10 AM CDT 2026] Scan complete. Devices: 0 | Blocked: 0
[Sat May 16 11:50:35 AM CDT 2026] Scan complete. Devices: 0 | Blocked: 0
[Sat May 16 11:51:46 AM CDT 2026] Scan complete. Devices: 0 | Blocked: 0
[Sat May 16 11:52:52 AM CDT 2026] Scan complete. Devices: 0 | Blocked: 0
[Sat May 16 11:53:00 AM CDT 2026] Lease monitor: Captured at 20260516_115300
[Sat May 16 11:54:28 AM CDT 2026] Scan complete. Devices: 0 | Blocked: 0
[Sat May 16 11:55:33 AM CDT 2026] Scan complete. Devices: 0 | Blocked: 0
[Sat May 16 11:56:38 AM CDT 2026] Scan complete. Devices: 0 | Blocked: 0
[Sat May 16 11:57:49 AM CDT 2026] Scan complete. Devices: 0 | Blocked: 0
[Sat May 16 11:58:55 AM CDT 2026] Scan complete. Devices: 0 | Blocked: 0
[Sat May 16 11:59:00 AM CDT 2026] Lease monitor: Captured at 20260516_115859
[Sat May 16 12:00:59 PM CDT 2026] Scan complete. Devices: 1 | Blocked: 0
[Sat May 16 12:02:28 PM CDT 2026] Scan complete. Devices: 1 | Blocked: 0
[Sat May 16 12:03:33 PM CDT 2026] Scan complete. Devices: 1 | Blocked: 0
[Sat May 16 12:05:22 PM CDT 2026] Scan complete. Devices: 1 | Blocked: 0
[Sat May 16 12:05:31 PM CDT 2026] Lease monitor: Captured at 20260516_120531
[Sat May 16 12:07:07 PM CDT 2026] Scan complete. Devices: 1 | Blocked: 0
[Sat May 16 12:08:13 PM CDT 2026] Scan complete. Devices: 1 | Blocked: 0
[Sat May 16 12:09:19 PM CDT 2026] Scan complete. Devices: 1 | Blocked: 0
[Sat May 16 12:10:45 PM CDT 2026] Scan complete. Devices: 1 | Blocked: 0
[Sat May 16 12:11:51 PM CDT 2026] Scan complete. Devices: 1 | Blocked: 0
[Sat May 16 12:12:00 PM CDT 2026] Lease monitor: Captured at 20260516_121200
[Sat May 16 12:13:39 PM CDT 2026] Scan complete. Devices: 1 | Blocked: 0
[Sat May 16 12:14:47 PM CDT 2026] Scan complete. Devices: 1 | Blocked: 0
[Sat May 16 12:15:52 PM CDT 2026] Scan complete. Devices: 1 | Blocked: 0
[Sat May 16 12:16:58 PM CDT 2026] Scan complete. Devices: 1 | Blocked: 0
[Sat May 16 12:18:03 PM CDT 2026] Scan complete. Devices: 1 | Blocked: 0
[Sat May 16 12:18:18 PM CDT 2026] Lease monitor: Captured at 20260516_121818
[Sat May 16 12:20:38 PM CDT 2026] Scan complete. Devices: 1 | Blocked: 0
[Sat May 16 12:21:45 PM CDT 2026] Scan complete. Devices: 1 | Blocked: 0
[Sat May 16 12:22:50 PM CDT 2026] Scan complete. Devices: 1 | Blocked: 0
[Sat May 16 12:23:58 PM CDT 2026] Scan complete. Devices: 1 | Blocked: 0
[Sat May 16 12:25:04 PM CDT 2026] Scan complete. Devices: 1 | Blocked: 0
[Sat May 16 12:25:08 PM CDT 2026] Lease monitor: Captured at 20260516_122508
[Sat May 16 12:26:32 PM CDT 2026] Scan complete. Devices: 2 | Blocked: 0
[Sat May 16 12:27:46 PM CDT 2026] Scan complete. Devices: 2 | Blocked: 0
[Sat May 16 12:29:07 PM CDT 2026] Scan complete. Devices: 2 | Blocked: 0
[Sat May 16 12:30:13 PM CDT 2026] Scan complete. Devices: 2 | Blocked: 0
[Sat May 16 12:31:21 PM CDT 2026] Scan complete. Devices: 2 | Blocked: 0
[Sat May 16 12:31:23 PM CDT 2026] Lease monitor: Captured at 20260516_123122
[Sat May 16 12:33:15 PM CDT 2026] Scan complete. Devices: 2 | Blocked: 0
[Sat May 16 12:34:37 PM CDT 2026] Scan complete. Devices: 2 | Blocked: 0
[Sat May 16 12:35:42 PM CDT 2026] Scan complete. Devices: 2 | Blocked: 0
[Sat May 16 12:36:48 PM CDT 2026] Scan complete. Devices: 2 | Blocked: 0
[Sat May 16 12:38:28 PM CDT 2026] Scan complete. Devices: 2 | Blocked: 0
[Sat May 16 12:38:33 PM CDT 2026] Lease monitor: Captured at 20260516_123833
[Sat May 16 12:40:38 PM CDT 2026] Scan complete. Devices: 2 | Blocked: 0
[Sat May 16 12:41:46 PM CDT 2026] Scan complete. Devices: 2 | Blocked: 0
[Sat May 16 12:42:53 PM CDT 2026] Scan complete. Devices: 2 | Blocked: 0
[Sat May 16 12:43:59 PM CDT 2026] Scan complete. Devices: 2 | Blocked: 0
[Sat May 16 12:45:19 PM CDT 2026] Scan complete. Devices: 2 | Blocked: 0
[Sat May 16 12:45:26 PM CDT 2026] Lease monitor: Captured at 20260516_124526
[Sat May 16 12:47:18 PM CDT 2026] Scan complete. Devices: 2 | Blocked: 0
[Sat May 16 12:48:23 PM CDT 2026] Scan complete. Devices: 2 | Blocked: 0
[Sat May 16 12:49:28 PM CDT 2026] Scan complete. Devices: 2 | Blocked: 0
[Sat May 16 12:50:33 PM CDT 2026] Scan complete. Devices: 2 | Blocked: 0
